Archive member included to satisfy reference by file (symbol)

C:\Users\markg\e2_studio\workspace\combo_sensor\ra\fsp\lib\rm_zmod4xxx\cm33_gcc\lib_iaq_2nd_gen.a(iaq_2nd_gen.o)
                              ./ra/fsp/src/rm_zmod4xxx/iaq_2nd_gen/rm_zmod4410_iaq_2nd_gen.o (init_iaq_2nd_gen)
C:\Users\markg\e2_studio\workspace\combo_sensor\ra\fsp\lib\rm_zmod4xxx\cm33_gcc\lib_iaq_2nd_gen.a(iaq_2nd_gen_RH_nnet.o)
                              C:\Users\markg\e2_studio\workspace\combo_sensor\ra\fsp\lib\rm_zmod4xxx\cm33_gcc\lib_iaq_2nd_gen.a(iaq_2nd_gen.o) (calc_iaq_2nd_gen_RH_nnet)
C:\Users\markg\e2_studio\workspace\combo_sensor\ra\fsp\lib\rm_zmod4xxx\cm33_gcc\lib_iaq_2nd_gen.a(iaq_2nd_gen_T_nnet.o)
                              C:\Users\markg\e2_studio\workspace\combo_sensor\ra\fsp\lib\rm_zmod4xxx\cm33_gcc\lib_iaq_2nd_gen.a(iaq_2nd_gen.o) (calc_iaq_2nd_gen_T_nnet)
C:\Users\markg\e2_studio\workspace\combo_sensor\ra\fsp\lib\rm_zmod4xxx\cm33_gcc\lib_iaq_2nd_gen.a(iaq_2nd_gen_V6_nnet.o)
                              C:\Users\markg\e2_studio\workspace\combo_sensor\ra\fsp\lib\rm_zmod4xxx\cm33_gcc\lib_iaq_2nd_gen.a(iaq_2nd_gen.o) (calc_iaq_2nd_gen_V6_nnet)
C:\Users\markg\e2_studio\workspace\combo_sensor\ra\fsp\lib\rm_zmod4xxx\cm33_gcc\lib_iaq_2nd_gen.a(iaq_2nd_gen_nnet.o)
                              C:\Users\markg\e2_studio\workspace\combo_sensor\ra\fsp\lib\rm_zmod4xxx\cm33_gcc\lib_iaq_2nd_gen.a(iaq_2nd_gen.o) (calc_iaq_2nd_gen_nnet)
C:\Users\markg\e2_studio\workspace\combo_sensor\ra\fsp\lib\rm_zmod4xxx\cm33_gcc\lib_iaq_2nd_gen.a(nnet_funcs.o)
                              C:\Users\markg\e2_studio\workspace\combo_sensor\ra\fsp\lib\rm_zmod4xxx\cm33_gcc\lib_iaq_2nd_gen.a(iaq_2nd_gen.o) (nnet_funcs_safe_exp)
C:/Renesas/RA/e2studio_v2023-10_fsp_v5.1.0/toolchains/gcc_arm/13.2.rel1/bin/../lib/gcc/arm-none-eabi/13.2.1/thumb/v8-m.main+fp/hard\libgcc.a(_arm_addsubdf3.o)
                              C:\Users\markg\e2_studio\workspace\combo_sensor\ra\fsp\lib\rm_zmod4xxx\cm33_gcc\lib_iaq_2nd_gen.a(iaq_2nd_gen.o) (__aeabi_f2d)
C:/Renesas/RA/e2studio_v2023-10_fsp_v5.1.0/toolchains/gcc_arm/13.2.rel1/bin/../lib/gcc/arm-none-eabi/13.2.1/thumb/v8-m.main+fp/hard\libgcc.a(_arm_truncdfsf2.o)
                              C:\Users\markg\e2_studio\workspace\combo_sensor\ra\fsp\lib\rm_zmod4xxx\cm33_gcc\lib_iaq_2nd_gen.a(iaq_2nd_gen.o) (__aeabi_d2f)
C:/Renesas/RA/e2studio_v2023-10_fsp_v5.1.0/toolchains/gcc_arm/13.2.rel1/bin/../lib/gcc/arm-none-eabi/13.2.1/thumb/v8-m.main+fp/hard\libg_nano.a(libc_a-exit.o)
                              C:/Renesas/RA/e2studio_v2023-10_fsp_v5.1.0/toolchains/gcc_arm/13.2.rel1/bin/../lib/gcc/arm-none-eabi/13.2.1/thumb/v8-m.main+fp/hard/crt0.o (exit)
C:/Renesas/RA/e2studio_v2023-10_fsp_v5.1.0/toolchains/gcc_arm/13.2.rel1/bin/../lib/gcc/arm-none-eabi/13.2.1/thumb/v8-m.main+fp/hard\libg_nano.a(libc_a-findfp.o)
                              C:/Renesas/RA/e2studio_v2023-10_fsp_v5.1.0/toolchains/gcc_arm/13.2.rel1/bin/../lib/gcc/arm-none-eabi/13.2.1/thumb/v8-m.main+fp/hard\libg_nano.a(libc_a-exit.o) (__stdio_exit_handler)
C:/Renesas/RA/e2studio_v2023-10_fsp_v5.1.0/toolchains/gcc_arm/13.2.rel1/bin/../lib/gcc/arm-none-eabi/13.2.1/thumb/v8-m.main+fp/hard\libg_nano.a(libc_a-fwalk.o)
                              C:/Renesas/RA/e2studio_v2023-10_fsp_v5.1.0/toolchains/gcc_arm/13.2.rel1/bin/../lib/gcc/arm-none-eabi/13.2.1/thumb/v8-m.main+fp/hard\libg_nano.a(libc_a-findfp.o) (_fwalk_sglue)
C:/Renesas/RA/e2studio_v2023-10_fsp_v5.1.0/toolchains/gcc_arm/13.2.rel1/bin/../lib/gcc/arm-none-eabi/13.2.1/thumb/v8-m.main+fp/hard\libg_nano.a(libc_a-stdio.o)
                              C:/Renesas/RA/e2studio_v2023-10_fsp_v5.1.0/toolchains/gcc_arm/13.2.rel1/bin/../lib/gcc/arm-none-eabi/13.2.1/thumb/v8-m.main+fp/hard\libg_nano.a(libc_a-findfp.o) (__sread)
C:/Renesas/RA/e2studio_v2023-10_fsp_v5.1.0/toolchains/gcc_arm/13.2.rel1/bin/../lib/gcc/arm-none-eabi/13.2.1/thumb/v8-m.main+fp/hard\libg_nano.a(libc_a-memset.o)
                              C:/Renesas/RA/e2studio_v2023-10_fsp_v5.1.0/toolchains/gcc_arm/13.2.rel1/bin/../lib/gcc/arm-none-eabi/13.2.1/thumb/v8-m.main+fp/hard/crt0.o (memset)
C:/Renesas/RA/e2studio_v2023-10_fsp_v5.1.0/toolchains/gcc_arm/13.2.rel1/bin/../lib/gcc/arm-none-eabi/13.2.1/thumb/v8-m.main+fp/hard\libg_nano.a(libc_a-closer.o)
                              C:/Renesas/RA/e2studio_v2023-10_fsp_v5.1.0/toolchains/gcc_arm/13.2.rel1/bin/../lib/gcc/arm-none-eabi/13.2.1/thumb/v8-m.main+fp/hard\libg_nano.a(libc_a-stdio.o) (_close_r)
C:/Renesas/RA/e2studio_v2023-10_fsp_v5.1.0/toolchains/gcc_arm/13.2.rel1/bin/../lib/gcc/arm-none-eabi/13.2.1/thumb/v8-m.main+fp/hard\libg_nano.a(libc_a-reent.o)
                              C:/Renesas/RA/e2studio_v2023-10_fsp_v5.1.0/toolchains/gcc_arm/13.2.rel1/bin/../lib/gcc/arm-none-eabi/13.2.1/thumb/v8-m.main+fp/hard\libg_nano.a(libc_a-closer.o) (errno)
[...]
Memory Configuration

Name             Origin             Length             Attributes
ITCM             0x00000000         0x00000000         xr
DTCM             0x00000000         0x00000000         xrw
FLASH            0x00000000         0x00100000         xr
RAM              0x20000000         0x00040000         xrw
DATA_FLASH       0x08000000         0x00002000         xr
QSPI_FLASH       0x60000000         0x04000000         xr
OSPI_DEVICE_0    0x68000000         0x08000000         xr
OSPI_DEVICE_1    0x70000000         0x10000000         xr
OSPI_DEVICE_0_RAM 0x68000000         0x08000000         xrw
OSPI_DEVICE_1_RAM 0x70000000         0x10000000         xrw
SDRAM            0x80010000         0x00000000         xrw
OPTION_SETTING   0x0100a100         0x00000100         r
OPTION_SETTING_OFS 0x0100a100         0x00000018         r
OPTION_SETTING_SAS 0x0100a134         0x000000cc         r
OPTION_SETTING_S 0x0100a200         0x00000100         r
ID_CODE          0x00000000         0x00000000         xr
*default*        0x00000000         0xffffffff

Linker script and memory map

LOAD C:/Renesas/RA/e2studio_v2023-10_fsp_v5.1.0/toolchains/gcc_arm/13.2.rel1/bin/../lib/gcc/arm-none-eabi/13.2.1/thumb/v8-m.main+fp/hard/crti.o
LOAD C:/Renesas/RA/e2studio_v2023-10_fsp_v5.1.0/toolchains/gcc_arm/13.2.rel1/bin/../lib/gcc/arm-none-eabi/13.2.1/thumb/v8-m.main+fp/hard/crtbegin.o
LOAD C:/Renesas/RA/e2studio_v2023-10_fsp_v5.1.0/toolchains/gcc_arm/13.2.rel1/bin/../lib/gcc/arm-none-eabi/13.2.1/thumb/v8-m.main+fp/hard/crt0.o
START GROUP
LOAD ./src/hal_entry.o
LOAD ./ra_gen/common_data.o
LOAD ./ra_gen/hal_data.o
LOAD ./ra_gen/main.o
LOAD ./ra_gen/pin_data.o
LOAD ./ra_gen/vector_data.o
LOAD ./ra/fsp/src/rm_zmod4xxx/iaq_2nd_gen/rm_zmod4410_iaq_2nd_gen.o
LOAD ./ra/fsp/src/rm_zmod4xxx/rm_zmod4xxx.o
LOAD ./ra/fsp/src/rm_zmod4xxx/rm_zmod4xxx_ra_driver.o
LOAD ./ra/fsp/src/rm_hs400x/rm_hs400x.o
LOAD ./ra/fsp/src/rm_hs400x/rm_hs400x_ra_driver.o
LOAD ./ra/fsp/src/rm_comms_i2c/rm_comms_i2c.o
LOAD ./ra/fsp/src/rm_comms_i2c/rm_comms_i2c_driver_ra.o
LOAD ./ra/fsp/src/r_sci_i2c/r_sci_i2c.o
LOAD ./ra/fsp/src/r_ioport/r_ioport.o
LOAD ./ra/fsp/src/bsp/mcu/all/bsp_clocks.o
LOAD ./ra/fsp/src/bsp/mcu/all/bsp_common.o
LOAD ./ra/fsp/src/bsp/mcu/all/bsp_delay.o
LOAD ./ra/fsp/src/bsp/mcu/all/bsp_group_irq.o
LOAD ./ra/fsp/src/bsp/mcu/all/bsp_guard.o
LOAD ./ra/fsp/src/bsp/mcu/all/bsp_io.o
LOAD ./ra/fsp/src/bsp/mcu/all/bsp_irq.o
LOAD ./ra/fsp/src/bsp/mcu/all/bsp_register_protection.o
LOAD ./ra/fsp/src/bsp/mcu/all/bsp_rom_registers.o
LOAD ./ra/fsp/src/bsp/mcu/all/bsp_sbrk.o
LOAD ./ra/fsp/src/bsp/mcu/all/bsp_security.o
LOAD ./ra/fsp/src/bsp/cmsis/Device/RENESAS/Source/startup.o
LOAD ./ra/fsp/src/bsp/cmsis/Device/RENESAS/Source/system.o
LOAD ./ra/board/ra6m4_ek/board_init.o
LOAD ./ra/board/ra6m4_ek/board_leds.o
LOAD C:\Users\markg\e2_studio\workspace\combo_sensor\ra\fsp\lib\rm_zmod4xxx\cm33_gcc\lib_iaq_2nd_gen.a
END GROUP
START GROUP
LOAD C:/Renesas/RA/e2studio_v2023-10_fsp_v5.1.0/toolchains/gcc_arm/13.2.rel1/bin/../lib/gcc/arm-none-eabi/13.2.1/thumb/v8-m.main+fp/hard\libgcc.a
LOAD C:/Renesas/RA/e2studio_v2023-10_fsp_v5.1.0/toolchains/gcc_arm/13.2.rel1/bin/../lib/gcc/arm-none-eabi/13.2.1/thumb/v8-m.main+fp/hard\libg_nano.a
LOAD C:/Renesas/RA/e2studio_v2023-10_fsp_v5.1.0/toolchains/gcc_arm/13.2.rel1/bin/../lib/gcc/arm-none-eabi/13.2.1/thumb/v8-m.main+fp/hard\libc_nano.a
END GROUP
START GROUP
LOAD C:/Renesas/RA/e2studio_v2023-10_fsp_v5.1.0/toolchains/gcc_arm/13.2.rel1/bin/../lib/gcc/arm-none-eabi/13.2.1/thumb/v8-m.main+fp/hard\libgcc.a
LOAD C:/Renesas/RA/e2studio_v2023-10_fsp_v5.1.0/toolchains/gcc_arm/13.2.rel1/bin/../lib/gcc/arm-none-eabi/13.2.1/thumb/v8-m.main+fp/hard\libc_nano.a
END GROUP
LOAD C:/Renesas/RA/e2studio_v2023-10_fsp_v5.1.0/toolchains/gcc_arm/13.2.rel1/bin/../lib/gcc/arm-none-eabi/13.2.1/thumb/v8-m.main+fp/hard/crtend.o
LOAD C:/Renesas/RA/e2studio_v2023-10_fsp_v5.1.0/toolchains/gcc_arm/13.2.rel1/bin/../lib/gcc/arm-none-eabi/13.2.1/thumb/v8-m.main+fp/hard/crtn.o
                0x20000000                        RAM_START = 0x20000000
                0x00040000                        RAM_LENGTH = 0x40000
                0x00000000                        FLASH_START = 0x0
                0x00100000                        FLASH_LENGTH = 0x100000
                0x08000000                        DATA_FLASH_START = 0x8000000
                0x00002000                        DATA_FLASH_LENGTH = 0x2000
                0x0100a100                        OPTION_SETTING_START = 0x100a100
                0x00000100                        OPTION_SETTING_LENGTH = 0x100
                0x0100a200                        OPTION_SETTING_S_START = 0x100a200
                0x00000100                        OPTION_SETTING_S_LENGTH = 0x100
                0x00000000                        ID_CODE_START = 0x0
                0x00000000                        ID_CODE_LENGTH = 0x0
                0x80010000                        SDRAM_START = 0x80010000
                0x00000000                        SDRAM_LENGTH = 0x0
                0x60000000                        QSPI_FLASH_START = 0x60000000
                0x04000000                        QSPI_FLASH_LENGTH = 0x4000000
                0x68000000                        OSPI_DEVICE_0_START = 0x68000000
                0x08000000                        OSPI_DEVICE_0_LENGTH = 0x8000000
                0x70000000                        OSPI_DEVICE_1_START = 0x70000000
                0x10000000                        OSPI_DEVICE_1_LENGTH = 0x10000000
                0x04000000                        QSPI_FLASH_PRV_LENGTH = DEFINED (QSPI_FLASH_SIZE)?ABSOLUTE (QSPI_FLASH_SIZE):ABSOLUTE (QSPI_FLASH_LENGTH)
                0x08000000                        OSPI_DEVICE_0_PRV_LENGTH = DEFINED (OSPI_DEVICE_0_SIZE)?ABSOLUTE (OSPI_DEVICE_0_SIZE):ABSOLUTE (OSPI_DEVICE_0_LENGTH)
                0x10000000                        OSPI_DEVICE_1_PRV_LENGTH = DEFINED (OSPI_DEVICE_1_SIZE)?ABSOLUTE (OSPI_DEVICE_1_SIZE):ABSOLUTE (OSPI_DEVICE_1_LENGTH)
                0x00000000                        __RESERVE_NS_RAM = ((! (DEFINED (PROJECT_NONSECURE)) && DEFINED (RAM_NS_BUFFER_LENGTH)) && (OPTION_SETTING_S_LENGTH != 0x0))
                0x00000000                        ITCM_START = DEFINED (ITCM_START)?ITCM_START:0x0
                0x00000000                        ITCM_LENGTH = DEFINED (ITCM_LENGTH)?ITCM_LENGTH:0x0
                0x00000000                        DTCM_START = DEFINED (DTCM_START)?DTCM_START:0x0
                0x00000000                        DTCM_LENGTH = DEFINED (DTCM_LENGTH)?DTCM_LENGTH:0x0
                0x00000000                        RAM_NS_BUFFER_BLOCK_LENGTH = DEFINED (RAM_NS_BUFFER_LENGTH)?ALIGN (RAM_NS_BUFFER_LENGTH, 0x2000):0x0
                0x00000000                        RAM_NS_BUFFER_LENGTH = DEFINED (RAM_NS_BUFFER_LENGTH)?RAM_NS_BUFFER_LENGTH:0x0
                0x20040000                        RAM_NS_BUFFER_START = ((RAM_START + RAM_LENGTH) - RAM_NS_BUFFER_LENGTH)
                0x20040000                        RAM_NS_BUFFER_BLOCK_START = ((RAM_START + RAM_LENGTH) - RAM_NS_BUFFER_BLOCK_LENGTH)
                0x0100a180                        OPTION_SETTING_START_NS = DEFINED (PROJECT_NONSECURE)?OPTION_SETTING_START:(OPTION_SETTING_START + 0x80)
                0x00000001                        __bl_FSP_BOOTABLE_IMAGE = 0x1
                0x00000001                        __bln_FSP_BOOTABLE_IMAGE = 0x1
                0x00000001                        PROJECT_SECURE_OR_FLAT = (((! (DEFINED (PROJECT_NONSECURE)) || DEFINED (PROJECT_SECURE)) && OPTION_SETTING_LENGTH) && ! (DEFINED (FSP_BOOTABLE_IMAGE)))
                0x00000000                        USE_OPTION_SETTING_NS = (DEFINED (PROJECT_NONSECURE) && ! (DEFINED (FSP_BOOTABLE_IMAGE)))
                0x00000000                        __bl_FLASH_IMAGE_START = ! (DEFINED (FLASH_BOOTLOADER_LENGTH))?0x0:(FLASH_APPLICATION_IMAGE_NUMBER == 0x1)?((FLASH_START + FLASH_BOOTLOADER_LENGTH) + FLASH_BOOTLOADER_HEADER_LENGTH):((((FLASH_START + FLASH_BOOTLOADER_LENGTH) + FLASH_BOOTLOADER_SCRATCH_LENGTH) + FLASH_APPLICATION_S_LENGTH) + FLASH_BOOTLOADER_HEADER_LENGTH)
                0x00000000                        __bl_FLASH_IMAGE_LENGTH = ! (DEFINED (FLASH_BOOTLOADER_LENGTH))?0x0:(FLASH_APPLICATION_S_LENGTH - FLASH_BOOTLOADER_HEADER_LENGTH)
                0x00000000                        __bl_FLASH_IMAGE_END = (__bl_FLASH_IMAGE_START + __bl_FLASH_IMAGE_LENGTH)
                0x00000000                        __bl_XIP_SECONDARY_FLASH_IMAGE_START = ! (DEFINED (FLASH_BOOTLOADER_LENGTH))?0x0:((FLASH_BOOTLOADER_LENGTH + FLASH_APPLICATION_S_LENGTH) + FLASH_BOOTLOADER_HEADER_LENGTH)
                0x00000000                        __bl_XIP_SECONDARY_FLASH_IMAGE_END = (__bl_XIP_SECONDARY_FLASH_IMAGE_START + __bl_FLASH_IMAGE_LENGTH)
                0x00000000                        __bl_FLASH_NS_START = ! (DEFINED (FLASH_BOOTLOADER_LENGTH))?0x0:(FLASH_APPLICATION_NS_LENGTH == 0x0)?__bl_FLASH_IMAGE_END:((__bl_FLASH_IMAGE_START - FLASH_BOOTLOADER_HEADER_LENGTH) + FLASH_APPLICATION_S_LENGTH)
                0x00000000                        __bl_FLASH_NSC_START = ! (DEFINED (FLASH_BOOTLOADER_LENGTH))?0x0:(FLASH_APPLICATION_NS_LENGTH == 0x0)?__bl_FLASH_IMAGE_END:(__bl_FLASH_IMAGE_END - FLASH_APPLICATION_NSC_LENGTH)
                0x00000000                        __bl_RAM_NS_START = ! (DEFINED (FLASH_BOOTLOADER_LENGTH))?0x0:(FLASH_APPLICATION_NS_LENGTH == 0x0)?(RAM_START + RAM_LENGTH):((RAM_START + RAM_LENGTH) - RAM_APPLICATION_NS_LENGTH)
                0x00000000                        __bl_RAM_NSC_START = ! (DEFINED (FLASH_BOOTLOADER_LENGTH))?0x0:(FLASH_APPLICATION_NS_LENGTH == 0x0)?(RAM_START + RAM_LENGTH):(__bl_RAM_NS_START - RAM_APPLICATION_NSC_LENGTH)
                0x00000000                        __bl_FLASH_NS_IMAGE_START = ! (DEFINED (FLASH_BOOTLOADER_LENGTH))?0x0:(FLASH_APPLICATION_NS_LENGTH == 0x0)?__bl_FLASH_IMAGE_END:(__bl_FLASH_NS_START + FLASH_BOOTLOADER_HEADER_LENGTH_2)
                0x00000000                        __bln_FLASH_IMAGE_START = (__bl_FLASH_NS_IMAGE_START | ! (DEFINED (NS_OFFSET_START))?0x0:NS_OFFSET_START)
                0x00000000                        __bln_FLASH_IMAGE_LENGTH = ! (DEFINED (FLASH_BOOTLOADER_LENGTH))?0x0:(FLASH_APPLICATION_NS_LENGTH == 0x0)?__bl_FLASH_IMAGE_END:(FLASH_APPLICATION_NS_LENGTH - FLASH_BOOTLOADER_HEADER_LENGTH_2)
                0x00000000                        XIP_SECONDARY_SLOT_IMAGE = DEFINED (XIP_SECONDARY_SLOT_IMAGE)?XIP_SECONDARY_SLOT_IMAGE:0x0
                0x00000000                        FLASH_ORIGIN = ! (DEFINED (FLASH_IMAGE_START))?FLASH_START:(XIP_SECONDARY_SLOT_IMAGE == 0x1)?XIP_SECONDARY_FLASH_IMAGE_START:FLASH_IMAGE_START
                0x00100000                        LIMITED_FLASH_LENGTH = DEFINED (FLASH_IMAGE_LENGTH)?FLASH_IMAGE_LENGTH:DEFINED (FLASH_BOOTLOADER_LENGTH)?FLASH_BOOTLOADER_LENGTH:FLASH_LENGTH
                0x00000034                        OPTION_SETTING_SAS_SIZE = 0x34
                0x000000cc                        OPTION_SETTING_SAS_LENGTH = ! (DEFINED (OPTION_SETTING_LENGTH))?0x0:(OPTION_SETTING_LENGTH == 0x0)?0x0:(OPTION_SETTING_LENGTH - OPTION_SETTING_SAS_SIZE)
START GROUP
LOAD C:/Renesas/RA/e2studio_v2023-10_fsp_v5.1.0/toolchains/gcc_arm/13.2.rel1/bin/../lib/gcc/arm-none-eabi/13.2.1/thumb/v8-m.main+fp/hard\libgcc.a
LOAD C:/Renesas/RA/e2studio_v2023-10_fsp_v5.1.0/toolchains/gcc_arm/13.2.rel1/bin/../lib/gcc/arm-none-eabi/13.2.1/thumb/v8-m.main+fp/hard\libc.a
LOAD C:/Renesas/RA/e2studio_v2023-10_fsp_v5.1.0/toolchains/gcc_arm/13.2.rel1/bin/../lib/gcc/arm-none-eabi/13.2.1/thumb/v8-m.main+fp/hard\libm.a
END GROUP

.text           0x00000000     0x5a74
                0x00000000                        __tz_FLASH_S = ABSOLUTE (FLASH_START)
                0x00000000                        __ROM_Start = .
 *(.fixed_vectors*)
 .fixed_vectors
                0x00000000       0x40 ./ra/fsp/src/bsp/cmsis/Device/RENESAS/Source/startup.o
                0x00000000                __Vectors
 *(.application_vectors*)
 .application_vectors
                0x00000040      0x180 ./ra_gen/vector_data.o
                0x00000040                g_vector_table
                0x000001c0                        __Vectors_End = .
                0x000001c0                        . = (OPTION_SETTING_LENGTH > 0x0)?.:(__ROM_Start + 0x400)
 *(.rom_registers*)
                0x000001c0                        . = (OPTION_SETTING_LENGTH > 0x0)?.:(__ROM_Start + 0x500)
                0x00000200                        . = ALIGN (0x80)
 *fill*         0x000001c0       0x40 ff
 *(.mcuboot_sce9_key*)
 *(.text*)
 .text.deregister_tm_clones
                0x00000200       0x1c C:/Renesas/RA/e2studio_v2023-10_fsp_v5.1.0/toolchains/gcc_arm/13.2.rel1/bin/../lib/gcc/arm-none-eabi/13.2.1/thumb/v8-m.main+fp/hard/crtbegin.o
 .text.register_tm_clones
                0x0000021c       0x28 C:/Renesas/RA/e2studio_v2023-10_fsp_v5.1.0/toolchains/gcc_arm/13.2.rel1/bin/../lib/gcc/arm-none-eabi/13.2.1/thumb/v8-m.main+fp/hard/crtbegin.o
 .text.__do_global_dtors_aux
                0x00000244       0x28 C:/Renesas/RA/e2studio_v2023-10_fsp_v5.1.0/toolchains/gcc_arm/13.2.rel1/bin/../lib/gcc/arm-none-eabi/13.2.1/thumb/v8-m.main+fp/hard/crtbegin.o
 .text.frame_dummy
                0x0000026c       0x24 C:/Renesas/RA/e2studio_v2023-10_fsp_v5.1.0/toolchains/gcc_arm/13.2.rel1/bin/../lib/gcc/arm-none-eabi/13.2.1/thumb/v8-m.main+fp/hard/crtbegin.o
 .text.g_comms_i2c_bus0_quick_setup
                0x00000290       0x30 ./src/hal_entry.o
                0x00000290                g_comms_i2c_bus0_quick_setup
 .text.hs400x_comms_i2c_callback
                0x000002c0       0x1c ./src/hal_entry.o
                0x000002c0                hs400x_comms_i2c_callback
 .text.g_hs400x_sensor0_quick_setup
                0x000002dc       0x30 ./src/hal_entry.o
                0x000002dc                g_hs400x_sensor0_quick_setup
 .text.g_hs400x_sensor0_quick_getting_humidity_and_temperature
                0x0000030c       0x98 ./src/hal_entry.o
                0x0000030c                g_hs400x_sensor0_quick_getting_humidity_and_temperature
 .text.zmod4xxx_comms_i2c_callback
                0x000003a4       0x1c ./src/hal_entry.o
                0x000003a4                zmod4xxx_comms_i2c_callback
 .text.g_zmod4xxx_sensor0_quick_setup
                0x000003c0       0x30 ./src/hal_entry.o
                0x000003c0                g_zmod4xxx_sensor0_quick_setup
 .text.g_zmod4xxx_sensor0_quick_getting_iaq_2nd_gen_data
                0x000003f0      0x188 ./src/hal_entry.o
                0x000003f0                g_zmod4xxx_sensor0_quick_getting_iaq_2nd_gen_data
 .text.hal_entry
                0x00000578       0x48 ./src/hal_entry.o
                0x00000578                hal_entry
 .text.R_BSP_WarmStart
                0x000005c0       0x18 ./src/hal_entry.o
                0x000005c0                R_BSP_WarmStart
 .text.startup.main
                0x000005d8        0xc ./ra_gen/main.o
                0x000005d8                main
 .text.rm_zmod4410_iaq_2nd_gen_measurement_start
                0x000005e4        0x4 ./ra/fsp/src/rm_zmod4xxx/iaq_2nd_gen/rm_zmod4410_iaq_2nd_gen.o
 .text.rm_zmod4410_iaq_2nd_gen_read
                0x000005e8        0x4 ./ra/fsp/src/rm_zmod4xxx/iaq_2nd_gen/rm_zmod4410_iaq_2nd_gen.o
 .text.rm_zmod4410_iaq_2nd_gen_temperature_and_humidity_set
                0x000005ec        0x4 ./ra/fsp/src/rm_zmod4xxx/iaq_2nd_gen/rm_zmod4410_iaq_2nd_gen.o
 .text.rm_zmod4410_iaq_2nd_gen_iaq_1st_gen_data_calculate
                0x000005f0        0x4 ./ra/fsp/src/rm_zmod4xxx/iaq_2nd_gen/rm_zmod4410_iaq_2nd_gen.o
 .text.rm_zmod4410_iaq_2nd_gen_data_calculate
                0x000005f4       0x68 ./ra/fsp/src/rm_zmod4xxx/iaq_2nd_gen/rm_zmod4410_iaq_2nd_gen.o
 .text.rm_zmod4410_iaq_2nd_gen_open
                0x0000065c       0x24 ./ra/fsp/src/rm_zmod4xxx/iaq_2nd_gen/rm_zmod4410_iaq_2nd_gen.o
 .text.rm_zmod4410_iaq_2nd_gen_rel_iaq_data_calculate
                0x00000680        0x4 ./ra/fsp/src/rm_zmod4xxx/iaq_2nd_gen/rm_zmod4410_iaq_2nd_gen.o
 .text.rm_zmod4410_iaq_2nd_gen_status_check
                0x00000684        0x4 ./ra/fsp/src/rm_zmod4xxx/iaq_2nd_gen/rm_zmod4410_iaq_2nd_gen.o
 .text.rm_zmod4410_iaq_2nd_gen_pbaq_data_calculate
                0x00000688        0x4 ./ra/fsp/src/rm_zmod4xxx/iaq_2nd_gen/rm_zmod4410_iaq_2nd_gen.o
 .text.rm_zmod4410_iaq_2nd_gen_odor_data_calculate
                0x0000068c        0x4 ./ra/fsp/src/rm_zmod4xxx/iaq_2nd_gen/rm_zmod4410_iaq_2nd_gen.o
 .text.rm_zmod4410_iaq_2nd_gen_sulfur_odor_data_calculate
                0x00000690        0x4 ./ra/fsp/src/rm_zmod4xxx/iaq_2nd_gen/rm_zmod4410_iaq_2nd_gen.o
 .text.rm_zmod4410_iaq_2nd_gen_oaq_1st_gen_data_calculate
                0x00000694        0x4 ./ra/fsp/src/rm_zmod4xxx/iaq_2nd_gen/rm_zmod4410_iaq_2nd_gen.o
 .text.rm_zmod4410_iaq_2nd_gen_oaq_2nd_gen_data_calculate
                0x00000698        0x4 ./ra/fsp/src/rm_zmod4xxx/iaq_2nd_gen/rm_zmod4410_iaq_2nd_gen.o
 .text.rm_zmod4410_iaq_2nd_gen_raq_data_calculate
                0x0000069c        0x4 ./ra/fsp/src/rm_zmod4xxx/iaq_2nd_gen/rm_zmod4410_iaq_2nd_gen.o
 .text.rm_zmod4410_iaq_2nd_gen_device_error_check
                0x000006a0        0x4 ./ra/fsp/src/rm_zmod4xxx/iaq_2nd_gen/rm_zmod4410_iaq_2nd_gen.o
 .text.rm_zmod4410_iaq_2nd_gen_close
                0x000006a4        0x4 ./ra/fsp/src/rm_zmod4xxx/iaq_2nd_gen/rm_zmod4410_iaq_2nd_gen.o
 .text.rm_zmod4410_iaq_2nd_gen_measurement_stop
                0x000006a8        0x4 ./ra/fsp/src/rm_zmod4xxx/iaq_2nd_gen/rm_zmod4410_iaq_2nd_gen.o
 .text.RM_ZMOD4XXX_Iaq1stGenDataCalculate
                0x000006ac        0x8 ./ra/fsp/src/rm_zmod4xxx/rm_zmod4xxx.o
                0x000006ac                RM_ZMOD4XXX_Iaq1stGenDataCalculate
 .text.RM_ZMOD4XXX_Iaq2ndGenDataCalculate
                0x000006b4        0x8 ./ra/fsp/src/rm_zmod4xxx/rm_zmod4xxx.o
                0x000006b4                RM_ZMOD4XXX_Iaq2ndGenDataCalculate
 .text.RM_ZMOD4XXX_OdorDataCalculate
                0x000006bc        0x8 ./ra/fsp/src/rm_zmod4xxx/rm_zmod4xxx.o
                0x000006bc                RM_ZMOD4XXX_OdorDataCalculate
 .text.RM_ZMOD4XXX_SulfurOdorDataCalculate
                0x000006c4        0x8 ./ra/fsp/src/rm_zmod4xxx/rm_zmod4xxx.o
                0x000006c4                RM_ZMOD4XXX_SulfurOdorDataCalculate
 .text.RM_ZMOD4XXX_Oaq1stGenDataCalculate
                0x000006cc        0x8 ./ra/fsp/src/rm_zmod4xxx/rm_zmod4xxx.o
                0x000006cc                RM_ZMOD4XXX_Oaq1stGenDataCalculate
 .text.RM_ZMOD4XXX_Oaq2ndGenDataCalculate
                0x000006d4        0x8 ./ra/fsp/src/rm_zmod4xxx/rm_zmod4xxx.o
                0x000006d4                RM_ZMOD4XXX_Oaq2ndGenDataCalculate
 .text.RM_ZMOD4XXX_RaqDataCalculate
                0x000006dc        0x8 ./ra/fsp/src/rm_zmod4xxx/rm_zmod4xxx.o
                0x000006dc                RM_ZMOD4XXX_RaqDataCalculate
 .text.RM_ZMOD4XXX_RelIaqDataCalculate
                0x000006e4        0x8 ./ra/fsp/src/rm_zmod4xxx/rm_zmod4xxx.o
                0x000006e4                RM_ZMOD4XXX_RelIaqDataCalculate
 .text.RM_ZMOD4XXX_PbaqDataCalculate
                0x000006ec        0x8 ./ra/fsp/src/rm_zmod4xxx/rm_zmod4xxx.o
                0x000006ec                RM_ZMOD4XXX_PbaqDataCalculate
 .text.RM_ZMOD4XXX_TemperatureAndHumiditySet
                0x000006f4       0x10 ./ra/fsp/src/rm_zmod4xxx/rm_zmod4xxx.o
                0x000006f4                RM_ZMOD4XXX_TemperatureAndHumiditySet
 .text.rm_zmod4xxx_calc_factor
                0x00000704       0xb0 ./ra/fsp/src/rm_zmod4xxx/rm_zmod4xxx.o
 .text.RM_ZMOD4XXX_Close
                0x000007b4       0x20 ./ra/fsp/src/rm_zmod4xxx/rm_zmod4xxx.o
                0x000007b4                RM_ZMOD4XXX_Close
 .text.rm_zmod4xxx_i2c_read.constprop.0
                0x000007d4       0x68 ./ra/fsp/src/rm_zmod4xxx/rm_zmod4xxx.o
 .text.RM_ZMOD4XXX_Read
                0x0000083c       0x4c ./ra/fsp/src/rm_zmod4xxx/rm_zmod4xxx.o
                0x0000083c                RM_ZMOD4XXX_Read
 .text.RM_ZMOD4XXX_DeviceErrorCheck
                0x00000888       0x2c ./ra/fsp/src/rm_zmod4xxx/rm_zmod4xxx.o
                0x00000888                RM_ZMOD4XXX_DeviceErrorCheck
 .text.rm_zmod4xxx_i2c_write
                0x000008b4       0x58 ./ra/fsp/src/rm_zmod4xxx/rm_zmod4xxx.o
 .text.RM_ZMOD4XXX_MeasurementStop
                0x0000090c       0x10 ./ra/fsp/src/rm_zmod4xxx/rm_zmod4xxx.o
                0x0000090c                RM_ZMOD4XXX_MeasurementStop
 .text.RM_ZMOD4XXX_MeasurementStart
                0x0000091c       0x24 ./ra/fsp/src/rm_zmod4xxx/rm_zmod4xxx.o
                0x0000091c                RM_ZMOD4XXX_MeasurementStart
 .text.RM_ZMOD4XXX_Open
                0x00000940      0x458 ./ra/fsp/src/rm_zmod4xxx/rm_zmod4xxx.o
                0x00000940                RM_ZMOD4XXX_Open
 .text.RM_ZMOD4XXX_StatusCheck
                0x00000d98       0x3c ./ra/fsp/src/rm_zmod4xxx/rm_zmod4xxx.o
                0x00000d98                RM_ZMOD4XXX_StatusCheck
 .text.rm_zmod4xxx_comms_i2c_callback
                0x00000dd4       0xc4 ./ra/fsp/src/rm_zmod4xxx/rm_zmod4xxx.o
                0x00000dd4                rm_zmod4xxx_comms_i2c_callback
 .text.rm_zmod4xxx_irq_callback
                0x00000e98       0x30 ./ra/fsp/src/rm_zmod4xxx/rm_zmod4xxx_ra_driver.o
                0x00000e98                rm_zmod4xxx_irq_callback
 .text.rm_zmod4xxx_delay_ms
                0x00000ec8       0x10 ./ra/fsp/src/rm_zmod4xxx/rm_zmod4xxx_ra_driver.o
                0x00000ec8                rm_zmod4xxx_delay_ms
 .text.rm_zmod4xxx_irq_open
                0x00000ed8       0x34 ./ra/fsp/src/rm_zmod4xxx/rm_zmod4xxx_ra_driver.o
                0x00000ed8                rm_zmod4xxx_irq_open
 .text.rm_zmod4xxx_irq_close
                0x00000f0c       0x10 ./ra/fsp/src/rm_zmod4xxx/rm_zmod4xxx_ra_driver.o
                0x00000f0c                rm_zmod4xxx_irq_close
 .text.RM_HS400X_Close
                0x00000f1c       0x14 ./ra/fsp/src/rm_hs400x/rm_hs400x.o
                0x00000f1c                RM_HS400X_Close
 .text.RM_HS400X_MeasurementStop
                0x00000f30        0x4 ./ra/fsp/src/rm_hs400x/rm_hs400x.o
                0x00000f30                RM_HS400X_MeasurementStop
 .text.rm_hs400x_write
                0x00000f34       0x5c ./ra/fsp/src/rm_hs400x/rm_hs400x.o
 .text.RM_HS400X_MeasurementStart
                0x00000f90       0x10 ./ra/fsp/src/rm_hs400x/rm_hs400x.o
                0x00000f90                RM_HS400X_MeasurementStart
 .text.rm_hs400x_read
                0x00000fa0       0x5c ./ra/fsp/src/rm_hs400x/rm_hs400x.o
 .text.RM_HS400X_Read
                0x00000ffc       0x10 ./ra/fsp/src/rm_hs400x/rm_hs400x.o
                0x00000ffc                RM_HS400X_Read
 .text.RM_HS400X_Open
                0x0000100c       0xf8 ./ra/fsp/src/rm_hs400x/rm_hs400x.o
                0x0000100c                RM_HS400X_Open
 .text.RM_HS400X_DataCalculate
                0x00001104       0xfc ./ra/fsp/src/rm_hs400x/rm_hs400x.o
                0x00001104                RM_HS400X_DataCalculate
 .text.rm_hs400x_comms_i2c_callback
                0x00001200       0x70 ./ra/fsp/src/rm_hs400x/rm_hs400x.o
                0x00001200                rm_hs400x_comms_i2c_callback
 .text.rm_hs400x_delay_ms
                0x00001270       0x10 ./ra/fsp/src/rm_hs400x/rm_hs400x_ra_driver.o
                0x00001270                rm_hs400x_delay_ms
 .text.RM_COMMS_I2C_Open
                0x00001280       0x28 ./ra/fsp/src/rm_comms_i2c/rm_comms_i2c.o
                0x00001280                RM_COMMS_I2C_Open
 .text.RM_COMMS_I2C_Close
                0x000012a8       0x10 ./ra/fsp/src/rm_comms_i2c/rm_comms_i2c.o
                0x000012a8                RM_COMMS_I2C_Close
 .text.RM_COMMS_I2C_Read
                0x000012b8        0x4 ./ra/fsp/src/rm_comms_i2c/rm_comms_i2c.o
                0x000012b8                RM_COMMS_I2C_Read
 .text.RM_COMMS_I2C_Write
                0x000012bc        0x4 ./ra/fsp/src/rm_comms_i2c/rm_comms_i2c.o
                0x000012bc                RM_COMMS_I2C_Write
 .text.RM_COMMS_I2C_WriteRead
                0x000012c0       0x14 ./ra/fsp/src/rm_comms_i2c/rm_comms_i2c.o
                0x000012c0                RM_COMMS_I2C_WriteRead
 .text.rm_comms_i2c_callback
                0x000012d4       0x5c ./ra/fsp/src/rm_comms_i2c/rm_comms_i2c_driver_ra.o
                0x000012d4                rm_comms_i2c_callback
 .text.rm_comms_i2c_bus_reconfigure
                0x00001330       0x40 ./ra/fsp/src/rm_comms_i2c/rm_comms_i2c_driver_ra.o
 .text.rm_comms_i2c_bus_read
                0x00001370       0x30 ./ra/fsp/src/rm_comms_i2c/rm_comms_i2c_driver_ra.o
                0x00001370                rm_comms_i2c_bus_read
 .text.rm_comms_i2c_bus_write
                0x000013a0       0x30 ./ra/fsp/src/rm_comms_i2c/rm_comms_i2c_driver_ra.o
                0x000013a0                rm_comms_i2c_bus_write
 .text.rm_comms_i2c_bus_write_read
                0x000013d0       0x3c ./ra/fsp/src/rm_comms_i2c/rm_comms_i2c_driver_ra.o
                0x000013d0                rm_comms_i2c_bus_write_read
 .text.R_SCI_I2C_Abort
                0x0000140c       0x2c ./ra/fsp/src/r_sci_i2c/r_sci_i2c.o
                0x0000140c                R_SCI_I2C_Abort
 .text.R_SCI_I2C_SlaveAddressSet
                0x00001438        0xc ./ra/fsp/src/r_sci_i2c/r_sci_i2c.o
                0x00001438                R_SCI_I2C_SlaveAddressSet
 .text.R_SCI_I2C_CallbackSet
                0x00001444       0x10 ./ra/fsp/src/r_sci_i2c/r_sci_i2c.o
                0x00001444                R_SCI_I2C_CallbackSet
 .text.R_SCI_I2C_StatusGet
                0x00001454       0x18 ./ra/fsp/src/r_sci_i2c/r_sci_i2c.o
                0x00001454                R_SCI_I2C_StatusGet
 .text.R_SCI_I2C_Close
                0x0000146c       0x58 ./ra/fsp/src/r_sci_i2c/r_sci_i2c.o
                0x0000146c                R_SCI_I2C_Close
 .text.R_SCI_I2C_Read
                0x000014c4       0x94 ./ra/fsp/src/r_sci_i2c/r_sci_i2c.o
                0x000014c4                R_SCI_I2C_Read
 .text.R_SCI_I2C_Write
                0x00001558       0x90 ./ra/fsp/src/r_sci_i2c/r_sci_i2c.o
                0x00001558                R_SCI_I2C_Write
 .text.R_SCI_I2C_Open
                0x000015e8      0x170 ./ra/fsp/src/r_sci_i2c/r_sci_i2c.o
                0x000015e8                R_SCI_I2C_Open
 .text.sci_i2c_notify
                0x00001758       0x38 ./ra/fsp/src/r_sci_i2c/r_sci_i2c.o
                0x00001758                sci_i2c_notify
 .text.sci_i2c_txi_isr
                0x00001790      0x14c ./ra/fsp/src/r_sci_i2c/r_sci_i2c.o
                0x00001790                sci_i2c_txi_isr
 .text.sci_i2c_tei_isr
                0x000018dc       0xd0 ./ra/fsp/src/r_sci_i2c/r_sci_i2c.o
                0x000018dc                sci_i2c_tei_isr
 .text.bsp_vbatt_init
                0x000019ac       0x9c ./ra/fsp/src/r_ioport/r_ioport.o
 .text.r_ioport_pins_config
                0x00001a48       0xac ./ra/fsp/src/r_ioport/r_ioport.o
 .text.R_IOPORT_Open
                0x00001af4       0x14 ./ra/fsp/src/r_ioport/r_ioport.o
                0x00001af4                R_IOPORT_Open
 .text.SystemCoreClockUpdate
                0x00001b08       0x28 ./ra/fsp/src/bsp/mcu/all/bsp_clocks.o
                0x00001b08                SystemCoreClockUpdate
 .text.R_BSP_SubClockStabilizeWaitAfterReset
                0x00001b30        0x4 ./ra/fsp/src/bsp/mcu/all/bsp_clocks.o
                0x00001b30                R_BSP_SubClockStabilizeWaitAfterReset
 .text.bsp_clock_init
                0x00001b34      0x138 ./ra/fsp/src/bsp/mcu/all/bsp_clocks.o
                0x00001b34                bsp_clock_init
 .text.R_BSP_Init_RTC
                0x00001c6c       0x68 ./ra/fsp/src/bsp/mcu/all/bsp_clocks.o
                0x00001c6c                R_BSP_Init_RTC
 .text.__assert_func
                0x00001cd4        0x4 ./ra/fsp/src/bsp/mcu/all/bsp_common.o
                0x00001cd4                __assert_func
 .text.bsp_prv_software_delay_loop
                0x00001cd8        0xc ./ra/fsp/src/bsp/mcu/all/bsp_delay.o
                0x00001cd8                bsp_prv_software_delay_loop
 .text.R_BSP_SoftwareDelay
                0x00001ce4       0x58 ./ra/fsp/src/bsp/mcu/all/bsp_delay.o
                0x00001ce4                R_BSP_SoftwareDelay
 .text.NMI_Handler
                0x00001d3c       0x3c ./ra/fsp/src/bsp/mcu/all/bsp_group_irq.o
                0x00001d3c                NMI_Handler
 .text.bsp_irq_cfg
                0x00001d78       0xa4 ./ra/fsp/src/bsp/mcu/all/bsp_irq.o
                0x00001d78                bsp_irq_cfg
 .text.R_BSP_RegisterProtectEnable
                0x00001e1c       0x60 ./ra/fsp/src/bsp/mcu/all/bsp_register_protection.o
                0x00001e1c                R_BSP_RegisterProtectEnable
 .text.R_BSP_RegisterProtectDisable
                0x00001e7c       0x54 ./ra/fsp/src/bsp/mcu/all/bsp_register_protection.o
                0x00001e7c                R_BSP_RegisterProtectDisable
 .text.Default_Handler
                0x00001ed0        0x4 ./ra/fsp/src/bsp/cmsis/Device/RENESAS/Source/startup.o
                0x00001ed0                DebugMon_Handler
                0x00001ed0                HardFault_Handler
                0x00001ed0                SysTick_Handler
                0x00001ed0                PendSV_Handler
                0x00001ed0                UsageFault_Handler
                0x00001ed0                SecureFault_Handler
                0x00001ed0                Default_Handler
                0x00001ed0                MemManage_Handler
                0x00001ed0                SVC_Handler
                0x00001ed0                BusFault_Handler
 .text.Reset_Handler
                0x00001ed4        0xc ./ra/fsp/src/bsp/cmsis/Device/RENESAS/Source/startup.o
                0x00001ed4                Reset_Handler
 .text.SystemInit
                0x00001ee0       0xc4 ./ra/fsp/src/bsp/cmsis/Device/RENESAS/Source/system.o
                0x00001ee0                SystemInit
 .text.bsp_init
                0x00001fa4        0x4 ./ra/board/ra6m4_ek/board_init.o
                0x00001fa4                bsp_init
 .text.calc_rmox.isra.0
                0x00001fa8       0x84 C:\Users\markg\e2_studio\workspace\combo_sensor\ra\fsp\lib\rm_zmod4xxx\cm33_gcc\lib_iaq_2nd_gen.a(iaq_2nd_gen.o)
 .text.init_iaq_2nd_gen
                0x0000202c       0x40 C:\Users\markg\e2_studio\workspace\combo_sensor\ra\fsp\lib\rm_zmod4xxx\cm33_gcc\lib_iaq_2nd_gen.a(iaq_2nd_gen.o)
                0x0000202c                init_iaq_2nd_gen
 *fill*         0x0000206c        0x4 ff
 .text.calc_iaq_2nd_gen_internal
                0x00002070      0x7e8 C:\Users\markg\e2_studio\workspace\combo_sensor\ra\fsp\lib\rm_zmod4xxx\cm33_gcc\lib_iaq_2nd_gen.a(iaq_2nd_gen.o)
                0x00002070                calc_iaq_2nd_gen_internal
 .text.calc_iaq_2nd_gen
                0x00002858       0xc8 C:\Users\markg\e2_studio\workspace\combo_sensor\ra\fsp\lib\rm_zmod4xxx\cm33_gcc\lib_iaq_2nd_gen.a(iaq_2nd_gen.o)
                0x00002858                calc_iaq_2nd_gen
 .text.calc_iaq_2nd_gen_RH_nnet
                0x00002920       0x3c C:\Users\markg\e2_studio\workspace\combo_sensor\ra\fsp\lib\rm_zmod4xxx\cm33_gcc\lib_iaq_2nd_gen.a(iaq_2nd_gen_RH_nnet.o)
                0x00002920                calc_iaq_2nd_gen_RH_nnet
 .text.calc_iaq_2nd_gen_T_nnet
                0x0000295c       0x3c C:\Users\markg\e2_studio\workspace\combo_sensor\ra\fsp\lib\rm_zmod4xxx\cm33_gcc\lib_iaq_2nd_gen.a(iaq_2nd_gen_T_nnet.o)
                0x0000295c                calc_iaq_2nd_gen_T_nnet
 .text.calc_iaq_2nd_gen_V6_nnet
                0x00002998       0x3c C:\Users\markg\e2_studio\workspace\combo_sensor\ra\fsp\lib\rm_zmod4xxx\cm33_gcc\lib_iaq_2nd_gen.a(iaq_2nd_gen_V6_nnet.o)
                0x00002998                calc_iaq_2nd_gen_V6_nnet
 .text.calc_iaq_2nd_gen_nnet
                0x000029d4       0x58 C:\Users\markg\e2_studio\workspace\combo_sensor\ra\fsp\lib\rm_zmod4xxx\cm33_gcc\lib_iaq_2nd_gen.a(iaq_2nd_gen_nnet.o)
                0x000029d4                calc_iaq_2nd_gen_nnet
 .text.nnet_funcs_safe_exp
                0x00002a2c       0x58 C:\Users\markg\e2_studio\workspace\combo_sensor\ra\fsp\lib\rm_zmod4xxx\cm33_gcc\lib_iaq_2nd_gen.a(nnet_funcs.o)
                0x00002a2c                nnet_funcs_safe_exp
 .text.nnet_funcs_tanh
                0x00002a84       0x8c C:\Users\markg\e2_studio\workspace\combo_sensor\ra\fsp\lib\rm_zmod4xxx\cm33_gcc\lib_iaq_2nd_gen.a(nnet_funcs.o)
                0x00002a84                nnet_funcs_tanh
 .text.nnet_funcs_relu
                0x00002b10       0x2c C:\Users\markg\e2_studio\workspace\combo_sensor\ra\fsp\lib\rm_zmod4xxx\cm33_gcc\lib_iaq_2nd_gen.a(nnet_funcs.o)
                0x00002b10                nnet_funcs_relu
 .text.nnet_funcs_dotbias
                0x00002b3c       0x50 C:\Users\markg\e2_studio\workspace\combo_sensor\ra\fsp\lib\rm_zmod4xxx\cm33_gcc\lib_iaq_2nd_gen.a(nnet_funcs.o)
                0x00002b3c                nnet_funcs_dotbias
 .text          0x00002b8c      0x378 C:/Renesas/RA/e2studio_v2023-10_fsp_v5.1.0/toolchains/gcc_arm/13.2.rel1/bin/../lib/gcc/arm-none-eabi/13.2.1/thumb/v8-m.main+fp/hard\libgcc.a(_arm_addsubdf3.o)
                0x00002b8c                __aeabi_drsub
                0x00002b94                __aeabi_dsub
                0x00002b94                __subdf3
                0x00002b98                __aeabi_dadd
                0x00002b98                __adddf3
                0x00002e10                __floatunsidf
                0x00002e10                __aeabi_ui2d
                0x00002e30                __floatsidf
                0x00002e30                __aeabi_i2d
                0x00002e54                __aeabi_f2d
                0x00002e54                __extendsfdf2
                0x00002e98                __floatundidf
                0x00002e98                __aeabi_ul2d
                0x00002ea8                __floatdidf
                0x00002ea8                __aeabi_l2d
 .text          0x00002f04       0xa0 C:/Renesas/RA/e2studio_v2023-10_fsp_v5.1.0/toolchains/gcc_arm/13.2.rel1/bin/../lib/gcc/arm-none-eabi/13.2.1/thumb/v8-m.main+fp/hard\libgcc.a(_arm_truncdfsf2.o)
                0x00002f04                __truncdfsf2
                0x00002f04                __aeabi_d2f
 .text.memset   0x00002fa4       0x10 C:/Renesas/RA/e2studio_v2023-10_fsp_v5.1.0/toolchains/gcc_arm/13.2.rel1/bin/../lib/gcc/arm-none-eabi/13.2.1/thumb/v8-m.main+fp/hard\libg_nano.a(libc_a-memset.o)
                0x00002fa4                memset
 .text.__errno  0x00002fb4        0xc C:/Renesas/RA/e2studio_v2023-10_fsp_v5.1.0/toolchains/gcc_arm/13.2.rel1/bin/../lib/gcc/arm-none-eabi/13.2.1/thumb/v8-m.main+fp/hard\libg_nano.a(libc_a-errno.o)
                0x00002fb4                __errno
 .text.memcpy   0x00002fc0       0x1a C:/Renesas/RA/e2studio_v2023-10_fsp_v5.1.0/toolchains/gcc_arm/13.2.rel1/bin/../lib/gcc/arm-none-eabi/13.2.1/thumb/v8-m.main+fp/hard\libg_nano.a(libc_a-memcpy-stub.o)
                0x00002fc0                memcpy
 *fill*         0x00002fda        0x6 ff
 .text.exp      0x00002fe0       0xa0 C:/Renesas/RA/e2studio_v2023-10_fsp_v5.1.0/toolchains/gcc_arm/13.2.rel1/bin/../lib/gcc/arm-none-eabi/13.2.1/thumb/v8-m.main+fp/hard\libm.a(libm_a-w_exp.o)
                0x00002fe0                exp
 .text.log10    0x00003080       0x84 C:/Renesas/RA/e2studio_v2023-10_fsp_v5.1.0/toolchains/gcc_arm/13.2.rel1/bin/../lib/gcc/arm-none-eabi/13.2.1/thumb/v8-m.main+fp/hard\libm.a(libm_a-w_log10.o)
                0x00003080                log10
 *fill*         0x00003104        0x4 ff
 .text.pow      0x00003108       0xf0 C:/Renesas/RA/e2studio_v2023-10_fsp_v5.1.0/toolchains/gcc_arm/13.2.rel1/bin/../lib/gcc/arm-none-eabi/13.2.1/thumb/v8-m.main+fp/hard\libm.a(libm_a-w_pow.o)
                0x00003108                pow
 .text.finite   0x000031f8       0x1c C:/Renesas/RA/e2studio_v2023-10_fsp_v5.1.0/toolchains/gcc_arm/13.2.rel1/bin/../lib/gcc/arm-none-eabi/13.2.1/thumb/v8-m.main+fp/hard\libm.a(libm_a-s_finite.o)
                0x000031f8                finite
 *fill*         0x00003214        0x4 ff
 .text.nan      0x00003218       0x10 C:/Renesas/RA/e2studio_v2023-10_fsp_v5.1.0/toolchains/gcc_arm/13.2.rel1/bin/../lib/gcc/arm-none-eabi/13.2.1/thumb/v8-m.main+fp/hard\libm.a(libm_a-s_nan.o)
                0x00003218                nan
 .text.__ieee754_exp
                0x00003228      0x3a0 C:/Renesas/RA/e2studio_v2023-10_fsp_v5.1.0/toolchains/gcc_arm/13.2.rel1/bin/../lib/gcc/arm-none-eabi/13.2.1/thumb/v8-m.main+fp/hard\libm.a(libm_a-e_exp.o)
                0x00003228                __ieee754_exp
 .text.__ieee754_log10
                0x000035c8      0x134 C:/Renesas/RA/e2studio_v2023-10_fsp_v5.1.0/toolchains/gcc_arm/13.2.rel1/bin/../lib/gcc/arm-none-eabi/13.2.1/thumb/v8-m.main+fp/hard\libm.a(libm_a-e_log10.o)
                0x000035c8                __ieee754_log10
 *fill*         0x000036fc        0x4 ff
 .text.__ieee754_pow
                0x00003700      0xc04 C:/Renesas/RA/e2studio_v2023-10_fsp_v5.1.0/toolchains/gcc_arm/13.2.rel1/bin/../lib/gcc/arm-none-eabi/13.2.1/thumb/v8-m.main+fp/hard\libm.a(libm_a-e_pow.o)
                0x00003700                __ieee754_pow
 .text.fabs     0x00004304       0x10 C:/Renesas/RA/e2studio_v2023-10_fsp_v5.1.0/toolchains/gcc_arm/13.2.rel1/bin/../lib/gcc/arm-none-eabi/13.2.1/thumb/v8-m.main+fp/hard\libm.a(libm_a-s_fabs.o)
                0x00004304                fabs
 *fill*         0x00004314        0x4 ff
 .text.scalbn   0x00004318      0x114 C:/Renesas/RA/e2studio_v2023-10_fsp_v5.1.0/toolchains/gcc_arm/13.2.rel1/bin/../lib/gcc/arm-none-eabi/13.2.1/thumb/v8-m.main+fp/hard\libm.a(libm_a-s_scalbn.o)
                0x00004318                scalbn
 .text.with_errno
                0x0000442c       0x24 C:/Renesas/RA/e2studio_v2023-10_fsp_v5.1.0/toolchains/gcc_arm/13.2.rel1/bin/../lib/gcc/arm-none-eabi/13.2.1/thumb/v8-m.main+fp/hard\libm.a(libm_a-math_err.o)
 .text.xflow    0x00004450       0x38 C:/Renesas/RA/e2studio_v2023-10_fsp_v5.1.0/toolchains/gcc_arm/13.2.rel1/bin/../lib/gcc/arm-none-eabi/13.2.1/thumb/v8-m.main+fp/hard\libm.a(libm_a-math_err.o)
 .text.__math_uflow
                0x00004488       0x10 C:/Renesas/RA/e2studio_v2023-10_fsp_v5.1.0/toolchains/gcc_arm/13.2.rel1/bin/../lib/gcc/arm-none-eabi/13.2.1/thumb/v8-m.main+fp/hard\libm.a(libm_a-math_err.o)
                0x00004488                __math_uflow
 .text.__math_oflow
                0x00004498       0x10 C:/Renesas/RA/e2studio_v2023-10_fsp_v5.1.0/toolchains/gcc_arm/13.2.rel1/bin/../lib/gcc/arm-none-eabi/13.2.1/thumb/v8-m.main+fp/hard\libm.a(libm_a-math_err.o)
                0x00004498                __math_oflow
 .text.__ieee754_sqrt
                0x000044a8      0x1e0 C:/Renesas/RA/e2studio_v2023-10_fsp_v5.1.0/toolchains/gcc_arm/13.2.rel1/bin/../lib/gcc/arm-none-eabi/13.2.1/thumb/v8-m.main+fp/hard\libm.a(libm_a-e_sqrt.o)
                0x000044a8                __ieee754_sqrt
 .text.__ieee754_log
                0x00004688      0x3b0 C:/Renesas/RA/e2studio_v2023-10_fsp_v5.1.0/toolchains/gcc_arm/13.2.rel1/bin/../lib/gcc/arm-none-eabi/13.2.1/thumb/v8-m.main+fp/hard\libm.a(libm_a-e_log.o)
                0x00004688                __ieee754_log
 .text          0x00004a38      0x424 C:/Renesas/RA/e2studio_v2023-10_fsp_v5.1.0/toolchains/gcc_arm/13.2.rel1/bin/../lib/gcc/arm-none-eabi/13.2.1/thumb/v8-m.main+fp/hard\libgcc.a(_arm_muldivdf3.o)
                0x00004a38                __aeabi_dmul
                0x00004a38                __muldf3
                0x00004c8c                __divdf3
                0x00004c8c                __aeabi_ddiv
 .text          0x00004e5c      0x110 C:/Renesas/RA/e2studio_v2023-10_fsp_v5.1.0/toolchains/gcc_arm/13.2.rel1/bin/../lib/gcc/arm-none-eabi/13.2.1/thumb/v8-m.main+fp/hard\libgcc.a(_arm_cmpdf2.o)
                0x00004e5c                __gtdf2
                0x00004e5c                __gedf2
                0x00004e64                __ltdf2
                0x00004e64                __ledf2
                0x00004e6c                __nedf2
                0x00004e6c                __eqdf2
                0x00004e6c                __cmpdf2
                0x00004ee8                __aeabi_cdrcmple
                0x00004ef8                __aeabi_cdcmpeq
                0x00004ef8                __aeabi_cdcmple
                0x00004f08                __aeabi_dcmpeq
                0x00004f1c                __aeabi_dcmplt
                0x00004f30                __aeabi_dcmple
                0x00004f44                __aeabi_dcmpge
                0x00004f58                __aeabi_dcmpgt
 .text          0x00004f6c       0x2c C:/Renesas/RA/e2studio_v2023-10_fsp_v5.1.0/toolchains/gcc_arm/13.2.rel1/bin/../lib/gcc/arm-none-eabi/13.2.1/thumb/v8-m.main+fp/hard\libgcc.a(_arm_unorddf2.o)
                0x00004f6c                __unorddf2
                0x00004f6c                __aeabi_dcmpun
 .text          0x00004f98       0x50 C:/Renesas/RA/e2studio_v2023-10_fsp_v5.1.0/toolchains/gcc_arm/13.2.rel1/bin/../lib/gcc/arm-none-eabi/13.2.1/thumb/v8-m.main+fp/hard\libgcc.a(_arm_fixdfsi.o)
                0x00004f98                __aeabi_d2iz
                0x00004f98                __fixdfsi
 *(.version)
 .version       0x00004fe8       0x50 ./ra/fsp/src/bsp/mcu/all/bsp_common.o
 *(.init)
 .init          0x00005038        0x4 C:/Renesas/RA/e2studio_v2023-10_fsp_v5.1.0/toolchains/gcc_arm/13.2.rel1/bin/../lib/gcc/arm-none-eabi/13.2.1/thumb/v8-m.main+fp/hard/crti.o
                0x00005038                _init
 .init          0x0000503c        0x8 C:/Renesas/RA/e2studio_v2023-10_fsp_v5.1.0/toolchains/gcc_arm/13.2.rel1/bin/../lib/gcc/arm-none-eabi/13.2.1/thumb/v8-m.main+fp/hard/crtn.o
 *(.fini)
 .fini          0x00005044        0x4 C:/Renesas/RA/e2studio_v2023-10_fsp_v5.1.0/toolchains/gcc_arm/13.2.rel1/bin/../lib/gcc/arm-none-eabi/13.2.1/thumb/v8-m.main+fp/hard/crti.o
                0x00005044                _fini
 .fini          0x00005048        0x8 C:/Renesas/RA/e2studio_v2023-10_fsp_v5.1.0/toolchains/gcc_arm/13.2.rel1/bin/../lib/gcc/arm-none-eabi/13.2.1/thumb/v8-m.main+fp/hard/crtn.o
 *crtbegin.o(.ctors)
 *crtbegin?.o(.ctors)
 *(EXCLUDE_FILE(*crtend.o *crtend?.o) .ctors)
 *(SORT_BY_NAME(.ctors.*))
 *(.ctors)
 *crtbegin.o(.dtors)
 *crtbegin?.o(.dtors)
 *(EXCLUDE_FILE(*crtend.o *crtend?.o) .dtors)
 *(SORT_BY_NAME(.dtors.*))
 *(.dtors)
 *(.rodata*)
 .rodata.g_comms_i2c_bus0_quick_setup.str1.4
                0x00005050       0x32 ./src/hal_entry.o
                                 0x27 (size before relaxing)
 .rodata.g_hs400x_sensor0_quick_getting_humidity_and_temperature.str1.4
                0x00005082        0x6 ./src/hal_entry.o
 *fill*         0x00005082        0x2 ff
 .rodata.__func__.0
                0x00005084       0x32 ./src/hal_entry.o
 *fill*         0x000050b6        0x2 ff
 .rodata.__func__.1
                0x000050b8       0x1f ./src/hal_entry.o
 *fill*         0x000050d7        0x1 ff
 .rodata.__func__.2
                0x000050d8       0x38 ./src/hal_entry.o
 .rodata.__func__.3
                0x00005110       0x1d ./src/hal_entry.o
 *fill*         0x0000512d        0x3 ff
 .rodata.__func__.4
                0x00005130       0x1d ./src/hal_entry.o
 *fill*         0x0000514d        0x3 ff
 .rodata.g_i2c0
                0x00005150        0xc ./ra_gen/common_data.o
                0x00005150                g_i2c0
 .rodata.g_i2c0_cfg
                0x0000515c       0x28 ./ra_gen/common_data.o
                0x0000515c                g_i2c0_cfg
 .rodata.g_i2c0_cfg_extend
                0x00005184        0x6 ./ra_gen/common_data.o
                0x00005184                g_i2c0_cfg_extend
 *fill*         0x0000518a        0x2 ff
 .rodata.g_zmod4xxx_sensor0
                0x0000518c        0xc ./ra_gen/hal_data.o
                0x0000518c                g_zmod4xxx_sensor0
 .rodata.g_zmod4xxx_sensor0_cfg
                0x00005198       0x18 ./ra_gen/hal_data.o
                0x00005198                g_zmod4xxx_sensor0_cfg
 .rodata.g_comms_i2c_device0
                0x000051b0        0xc ./ra_gen/hal_data.o
                0x000051b0                g_comms_i2c_device0
 .rodata.g_comms_i2c_device0_cfg
                0x000051bc       0x14 ./ra_gen/hal_data.o
                0x000051bc                g_comms_i2c_device0_cfg
 .rodata.g_comms_i2c_device0_lower_level_cfg
                0x000051d0       0x28 ./ra_gen/hal_data.o
                0x000051d0                g_comms_i2c_device0_lower_level_cfg
 .rodata.g_hs400x_sensor0
                0x000051f8        0xc ./ra_gen/hal_data.o
                0x000051f8                g_hs400x_sensor0
 .rodata.g_hs400x_sensor0_cfg
                0x00005204       0x14 ./ra_gen/hal_data.o
                0x00005204                g_hs400x_sensor0_cfg
 .rodata.g_comms_i2c_device1
                0x00005218        0xc ./ra_gen/hal_data.o
                0x00005218                g_comms_i2c_device1
 .rodata.g_comms_i2c_device1_cfg
                0x00005224       0x14 ./ra_gen/hal_data.o
                0x00005224                g_comms_i2c_device1_cfg
 .rodata.g_comms_i2c_device1_lower_level_cfg
                0x00005238       0x28 ./ra_gen/hal_data.o
                0x00005238                g_comms_i2c_device1_lower_level_cfg
 .rodata.g_bsp_pin_cfg
                0x00005260        0xc ./ra_gen/pin_data.o
                0x00005260                g_bsp_pin_cfg
 .rodata.g_bsp_pin_cfg_data
                0x0000526c      0x288 ./ra_gen/pin_data.o
                0x0000526c                g_bsp_pin_cfg_data
 .rodata.g_interrupt_event_link_select
                0x000054f4       0xc0 ./ra_gen/vector_data.o
                0x000054f4                g_interrupt_event_link_select
 .rodata.g_zmod4xxx_on_zmod4410_iaq_2nd_gen
                0x000055b4       0x44 ./ra/fsp/src/rm_zmod4xxx/iaq_2nd_gen/rm_zmod4410_iaq_2nd_gen.o
                0x000055b4                g_zmod4xxx_on_zmod4410_iaq_2nd_gen
 .rodata.g_zmod4xxx_on_zmod4xxx
                0x000055f8       0x44 ./ra/fsp/src/rm_zmod4xxx/rm_zmod4xxx.o
                0x000055f8                g_zmod4xxx_on_zmod4xxx
 .rodata.g_hs400x_on_hs400x
                0x0000563c       0x18 ./ra/fsp/src/rm_hs400x/rm_hs400x.o
                0x0000563c                g_hs400x_on_hs400x
 .rodata.g_comms_on_comms_i2c
                0x00005654       0x18 ./ra/fsp/src/rm_comms_i2c/rm_comms_i2c.o
                0x00005654                g_comms_on_comms_i2c
 .rodata.g_i2c_master_on_sci
                0x0000566c       0x20 ./ra/fsp/src/r_sci_i2c/r_sci_i2c.o
                0x0000566c                g_i2c_master_on_sci
 .rodata.g_vbatt_pins_input
                0x0000568c        0x6 ./ra/fsp/src/r_ioport/r_ioport.o
 *fill*         0x00005692        0x2 ff
 .rodata.g_prcr_masks
                0x00005694        0x8 ./ra/fsp/src/bsp/mcu/all/bsp_register_protection.o
 .rodata.ys.0   0x0000569c        0xc C:\Users\markg\e2_studio\workspace\combo_sensor\ra\fsp\lib\rm_zmod4xxx\cm33_gcc\lib_iaq_2nd_gen.a(iaq_2nd_gen.o)
 .rodata.d1m_falling_p
                0x000056a8       0x14 C:\Users\markg\e2_studio\workspace\combo_sensor\ra\fsp\lib\rm_zmod4xxx\cm33_gcc\lib_iaq_2nd_gen.a(iaq_2nd_gen.o)
 .rodata.d_falling_run_p
                0x000056bc       0x14 C:\Users\markg\e2_studio\workspace\combo_sensor\ra\fsp\lib\rm_zmod4xxx\cm33_gcc\lib_iaq_2nd_gen.a(iaq_2nd_gen.o)
 .rodata.iaq_2nd_gen_RH_nnet_layer2_bias_weights
                0x000056d0       0x10 C:\Users\markg\e2_studio\workspace\combo_sensor\ra\fsp\lib\rm_zmod4xxx\cm33_gcc\lib_iaq_2nd_gen.a(iaq_2nd_gen_RH_nnet.o)
 .rodata.iaq_2nd_gen_RH_nnet_layer0_bias_weights
                0x000056e0       0x24 C:\Users\markg\e2_studio\workspace\combo_sensor\ra\fsp\lib\rm_zmod4xxx\cm33_gcc\lib_iaq_2nd_gen.a(iaq_2nd_gen_RH_nnet.o)
 .rodata.iaq_2nd_gen_T_nnet_layer2_bias_weights
                0x00005704       0x10 C:\Users\markg\e2_studio\workspace\combo_sensor\ra\fsp\lib\rm_zmod4xxx\cm33_gcc\lib_iaq_2nd_gen.a(iaq_2nd_gen_T_nnet.o)
 .rodata.iaq_2nd_gen_T_nnet_layer0_bias_weights
                0x00005714       0x24 C:\Users\markg\e2_studio\workspace\combo_sensor\ra\fsp\lib\rm_zmod4xxx\cm33_gcc\lib_iaq_2nd_gen.a(iaq_2nd_gen_T_nnet.o)
 .rodata.iaq_2nd_gen_V6_nnet_layer2_bias_weights
                0x00005738       0x1c C:\Users\markg\e2_studio\workspace\combo_sensor\ra\fsp\lib\rm_zmod4xxx\cm33_gcc\lib_iaq_2nd_gen.a(iaq_2nd_gen_V6_nnet.o)
 .rodata.iaq_2nd_gen_V6_nnet_layer0_bias_weights
                0x00005754       0x30 C:\Users\markg\e2_studio\workspace\combo_sensor\ra\fsp\lib\rm_zmod4xxx\cm33_gcc\lib_iaq_2nd_gen.a(iaq_2nd_gen_V6_nnet.o)
 .rodata.iaq_2nd_gen_nnet_layer4_bias_weights
                0x00005784       0x18 C:\Users\markg\e2_studio\workspace\combo_sensor\ra\fsp\lib\rm_zmod4xxx\cm33_gcc\lib_iaq_2nd_gen.a(iaq_2nd_gen_nnet.o)
 .rodata.iaq_2nd_gen_nnet_layer2_bias_weights
                0x0000579c       0xdc C:\Users\markg\e2_studio\workspace\combo_sensor\ra\fsp\lib\rm_zmod4xxx\cm33_gcc\lib_iaq_2nd_gen.a(iaq_2nd_gen_nnet.o)
 .rodata.iaq_2nd_gen_nnet_layer0_bias_weights
                0x00005878      0x1b8 C:\Users\markg\e2_studio\workspace\combo_sensor\ra\fsp\lib\rm_zmod4xxx\cm33_gcc\lib_iaq_2nd_gen.a(iaq_2nd_gen_nnet.o)
 .rodata.log10.str1.4
                0x00005a30        0x1 C:/Renesas/RA/e2studio_v2023-10_fsp_v5.1.0/toolchains/gcc_arm/13.2.rel1/bin/../lib/gcc/arm-none-eabi/13.2.1/thumb/v8-m.main+fp/hard\libm.a(libm_a-w_log10.o)
 .rodata.ln2LO  0x00005a30       0x10 C:/Renesas/RA/e2studio_v2023-10_fsp_v5.1.0/toolchains/gcc_arm/13.2.rel1/bin/../lib/gcc/arm-none-eabi/13.2.1/thumb/v8-m.main+fp/hard\libm.a(libm_a-e_exp.o)
 .rodata.ln2HI  0x00005a40       0x10 C:/Renesas/RA/e2studio_v2023-10_fsp_v5.1.0/toolchains/gcc_arm/13.2.rel1/bin/../lib/gcc/arm-none-eabi/13.2.1/thumb/v8-m.main+fp/hard\libm.a(libm_a-e_exp.o)
 .rodata.halF   0x00005a50       0x10 C:/Renesas/RA/e2studio_v2023-10_fsp_v5.1.0/toolchains/gcc_arm/13.2.rel1/bin/../lib/gcc/arm-none-eabi/13.2.1/thumb/v8-m.main+fp/hard\libm.a(libm_a-e_exp.o)
 .rodata.tiny   0x00005a60        0x8 C:/Renesas/RA/e2studio_v2023-10_fsp_v5.1.0/toolchains/gcc_arm/13.2.rel1/bin/../lib/gcc/arm-none-eabi/13.2.1/thumb/v8-m.main+fp/hard\libm.a(libm_a-e_sqrt.o)
 .rodata.one    0x00005a68        0x8 C:/Renesas/RA/e2studio_v2023-10_fsp_v5.1.0/toolchains/gcc_arm/13.2.rel1/bin/../lib/gcc/arm-none-eabi/13.2.1/thumb/v8-m.main+fp/hard\libm.a(libm_a-e_sqrt.o)
                0x00005a70                        __usb_dev_descriptor_start_fs = .
 *(.usb_device_desc_fs*)
                0x00005a70                        __usb_cfg_descriptor_start_fs = .
 *(.usb_config_desc_fs*)
                0x00005a70                        __usb_interface_descriptor_start_fs = .
 *(.usb_interface_desc_fs*)
                0x00005a70                        __usb_descriptor_end_fs = .
                0x00005a70                        __usb_dev_descriptor_start_hs = .
 *(.usb_device_desc_hs*)
                0x00005a70                        __usb_cfg_descriptor_start_hs = .
 *(.usb_config_desc_hs*)
                0x00005a70                        __usb_interface_descriptor_start_hs = .
 *(.usb_interface_desc_hs*)
                0x00005a70                        __usb_descriptor_end_hs = .
 *(.eh_frame*)
 .eh_frame      0x00005a70        0x0 C:/Renesas/RA/e2studio_v2023-10_fsp_v5.1.0/toolchains/gcc_arm/13.2.rel1/bin/../lib/gcc/arm-none-eabi/13.2.1/thumb/v8-m.main+fp/hard/crtbegin.o
 .eh_frame      0x00005a70        0x4 C:/Renesas/RA/e2studio_v2023-10_fsp_v5.1.0/toolchains/gcc_arm/13.2.rel1/bin/../lib/gcc/arm-none-eabi/13.2.1/thumb/v8-m.main+fp/hard/crtend.o
                0x00005a74                        __ROM_End = .
                0x000001c0                        __Vectors_Size = (__Vectors_End - __Vectors)

.glue_7         0x00005a74        0x0
 .glue_7        0x00005a74        0x0 linker stubs

.glue_7t        0x00005a74        0x0
 .glue_7t       0x00005a74        0x0 linker stubs

.vfp11_veneer   0x00005a74        0x0
 .vfp11_veneer  0x00005a74        0x0 linker stubs

.v4_bx          0x00005a74        0x0
 .v4_bx         0x00005a74        0x0 linker stubs

.iplt           0x00005a74        0x0
 .iplt          0x00005a74        0x0 C:/Renesas/RA/e2studio_v2023-10_fsp_v5.1.0/toolchains/gcc_arm/13.2.rel1/bin/../lib/gcc/arm-none-eabi/13.2.1/thumb/v8-m.main+fp/hard/crtbegin.o
                0x00005a74                        . = .
                0x00005a74                        __itcm_data_pre_location = .

.itcm_data      0x00000000        0x0 load address 0x00005a80
                0x00000000                        __tz_ITCM_S = ABSOLUTE (ITCM_START)
                0x00000000                        __itcm_data_start = .
 *(.itcm_data*)
                0x00000000                        . = ALIGN (0x8)
                0x00000000                        __itcm_data_end = .
                0x00000000                        __tz_ITCM_N = DEFINED (ITCM_NS_START)?ABSOLUTE (ITCM_NS_START):ALIGN (__itcm_data_end, 0x2000)
                0x00005a80                        __itcm_data_init_start = LOADADDR (.itcm_data)
                0x00005a80                        __itcm_data_init_end = (LOADADDR (.itcm_data) + SIZEOF (.itcm_data))
                0x00000001                        ASSERT (((ORIGIN (ITCM) % 0x8) == 0x0), ITCM memory region origin must be aligned to 8 bytes.)
                0x00000001                        ASSERT (((LENGTH (ITCM) % 0x8) == 0x0), ITCM memory region length must be a multiple of 8 bytes.)
                0x00000001                        ASSERT (((LOADADDR (.itcm_data) % 0x10) == 0x0), .itcm_data section must be aligned to 16 bytes.)
                0x00000001                        ASSERT (((SIZEOF (.itcm_data) % 0x8) == 0x0), .itcm_data section size must be a multiple of 8 bytes.)
                0x00005a74                        . = (SIZEOF (.itcm_data) > 0x0)?__itcm_data_init_end:__itcm_data_pre_location
                0x00005a74                        __exidx_start = .

/DISCARD/
 *(.ARM.extab* .gnu.linkonce.armextab.*)
 *(.ARM.exidx* .gnu.linkonce.armexidx.*)
                0x00005a74                        __exidx_end = .
                0x00005a74                        __etext = .
                0x20000000                        __tz_RAM_S = ORIGIN (RAM)

.fsp_dtc_vector_table
                0x20000000        0x0
                0x20000000                        . = ORIGIN (RAM)
 *(.fsp_dtc_vector_table)

.data           0x20000000      0x144 load address 0x00005a74
                0x20000000                        __data_start__ = .
                0x20000000                        . = ALIGN (0x4)
                0x20000000                        __Code_In_RAM_Start = .
 *(.code_in_ram*)
                0x20000000                        __Code_In_RAM_End = .
 *(vtable)
 *(.data.*)
 .data.hum      0x20000000        0x4 ./src/hal_entry.o
                0x20000000                hum
 .data.temp     0x20000004        0x4 ./src/hal_entry.o
                0x20000004                temp
 .data.g_hs400x_event
                0x20000008        0x1 ./src/hal_entry.o
                0x20000008                g_hs400x_event
 *fill*         0x20000009        0x3 
 .data.g_comms_i2c_bus0_extended_cfg
                0x2000000c        0xc ./ra_gen/common_data.o
                0x2000000c                g_comms_i2c_bus0_extended_cfg
 .data.g_zmod4xxx_sensor0_extended_cfg
                0x20000018       0x2c ./ra_gen/hal_data.o
                0x20000018                g_zmod4xxx_sensor0_extended_cfg
 .data.g_zmod4410_iaq_2nd_gen_sensor_type
                0x20000044       0x60 ./ra/fsp/src/rm_zmod4xxx/iaq_2nd_gen/rm_zmod4410_iaq_2nd_gen.o
                0x20000044                g_zmod4410_iaq_2nd_gen_sensor_type
 .data.data_set_4410_iaq_2nd_gen
                0x200000a4       0x3c ./ra/fsp/src/rm_zmod4xxx/iaq_2nd_gen/rm_zmod4410_iaq_2nd_gen.o
 .data.data_set_4410i
                0x200000e0        0xa ./ra/fsp/src/rm_zmod4xxx/iaq_2nd_gen/rm_zmod4410_iaq_2nd_gen.o
 *fill*         0x200000ea        0x2 
 .data._impure_ptr
                0x200000ec        0x4 C:/Renesas/RA/e2studio_v2023-10_fsp_v5.1.0/toolchains/gcc_arm/13.2.rel1/bin/../lib/gcc/arm-none-eabi/13.2.1/thumb/v8-m.main+fp/hard\libg_nano.a(libc_a-impure.o)
                0x200000ec                _impure_ptr
 .data._impure_data
                0x200000f0       0x4c C:/Renesas/RA/e2studio_v2023-10_fsp_v5.1.0/toolchains/gcc_arm/13.2.rel1/bin/../lib/gcc/arm-none-eabi/13.2.1/thumb/v8-m.main+fp/hard\libg_nano.a(libc_a-impure.o)
                0x200000f0                _impure_data
 *(.data)
                0x2000013c                        . = ALIGN (0x4)
                0x2000013c                        PROVIDE (__preinit_array_start = .)
 *(.preinit_array)
                0x2000013c                        PROVIDE (__preinit_array_end = .)
                0x2000013c                        . = ALIGN (0x4)
                0x2000013c                        PROVIDE (__init_array_start = .)
 *(SORT_BY_NAME(.init_array.*))
 *(.init_array)
 .init_array    0x2000013c        0x4 C:/Renesas/RA/e2studio_v2023-10_fsp_v5.1.0/toolchains/gcc_arm/13.2.rel1/bin/../lib/gcc/arm-none-eabi/13.2.1/thumb/v8-m.main+fp/hard/crtbegin.o
                0x20000140                        PROVIDE (__init_array_end = .)
                0x20000140                        . = ALIGN (0x4)
                [!provide]                        PROVIDE (__fini_array_start = .)
 *(SORT_BY_NAME(.fini_array.*))
 *(.fini_array)
 .fini_array    0x20000140        0x4 C:/Renesas/RA/e2studio_v2023-10_fsp_v5.1.0/toolchains/gcc_arm/13.2.rel1/bin/../lib/gcc/arm-none-eabi/13.2.1/thumb/v8-m.main+fp/hard/crtbegin.o
                [!provide]                        PROVIDE (__fini_array_end = .)
 *(.jcr*)
                0x20000144                        . = ALIGN (0x4)
                0x20000144                        __data_end__ = .

.tm_clone_table
                0x20000144        0x0 load address 0x00005bb8
 .tm_clone_table
                0x20000144        0x0 C:/Renesas/RA/e2studio_v2023-10_fsp_v5.1.0/toolchains/gcc_arm/13.2.rel1/bin/../lib/gcc/arm-none-eabi/13.2.1/thumb/v8-m.main+fp/hard/crtbegin.o
 .tm_clone_table
                0x20000144        0x0 C:/Renesas/RA/e2studio_v2023-10_fsp_v5.1.0/toolchains/gcc_arm/13.2.rel1/bin/../lib/gcc/arm-none-eabi/13.2.1/thumb/v8-m.main+fp/hard/crtend.o

.igot.plt       0x20000144        0x0 load address 0x00005bb8
 .igot.plt      0x20000144        0x0 C:/Renesas/RA/e2studio_v2023-10_fsp_v5.1.0/toolchains/gcc_arm/13.2.rel1/bin/../lib/gcc/arm-none-eabi/13.2.1/thumb/v8-m.main+fp/hard/crtbegin.o
                0x20000144                        . = .
                0x00005bb8                        __dtcm_data_pre_location = (LOADADDR (.data) + SIZEOF (.data))

.dtcm_data      0x00000000        0x0 load address 0x00005bc0
                0x00000000                        __tz_DTCM_S = ABSOLUTE (DTCM_START)
                0x00000000                        __dtcm_data_start = .
 *(.dtcm_data*)
                0x00000000                        . = ALIGN (0x8)
                0x00000000                        __dtcm_data_end = .
                0x00000000                        . = __dtcm_data_end

.dtcm_bss       0x00000000        0x0
                0x00000000                        __dtcm_bss_start = .
 *(.dtcm_bss*)
                0x00000000                        . = ALIGN (0x8)
                0x00000000                        __dtcm_bss_end = .
                0x00000000                        __tz_DTCM_N = DEFINED (DTCM_NS_START)?ABSOLUTE (DTCM_NS_START):ALIGN (__dtcm_bss_end, 0x2000)
                0x00005bc0                        __dtcm_data_init_start = LOADADDR (.dtcm_data)
                0x00005bc0                        __dtcm_data_init_end = (LOADADDR (.dtcm_data) + SIZEOF (.dtcm_data))
                0x00000001                        ASSERT (((ORIGIN (DTCM) % 0x8) == 0x0), DTCM memory region origin must be aligned to 8 bytes.)
                0x00000001                        ASSERT (((LENGTH (DTCM) % 0x8) == 0x0), DTCM memory region length must be a multiple of 8 bytes.)
                0x00000001                        ASSERT ((LOADADDR (.dtcm_bss) == ADDR (.dtcm_bss)), .dtcm_bss has (VMA != LMA) but should be NOLOAD (VMA == LMA).)
                0x00000001                        ASSERT (((LOADADDR (.dtcm_data) % 0x10) == 0x0), .dtcm_data section must be aligned to 16 bytes.)
                0x00000001                        ASSERT (((SIZEOF (.dtcm_data) % 0x8) == 0x0), .dtcm_data section size must be a multiple of 8 bytes.)
                0x00000001                        ASSERT (((LOADADDR (.dtcm_bss) % 0x8) == 0x0), .dtcm_bss section must be aligned to 8 bytes.)
                0x00000001                        ASSERT (((SIZEOF (.dtcm_bss) % 0x8) == 0x0), .dtcm_bss section size must be a multiple of 8 bytes.)
                0x00000001                        ASSERT ((__dtcm_bss_start == __dtcm_data_end), .dtcm_bss section is not adjacent to .dtcm_data section.)
                0x00005bb8                        . = (SIZEOF (.dtcm_data) > 0x0)?__dtcm_data_init_end:__dtcm_data_pre_location
                0x00005bb8                        sgstubs_pre_location = .
                0x00005c00                        SGSTUBS_LOC = (DEFINED (PROJECT_SECURE) && DEFINED (FLASH_NSC_START))?ABSOLUTE (FLASH_NSC_START):ALIGN (0x400)

.gnu.sgstubs    0x00005c00        0x0
                0x00005c00                        __tz_FLASH_C = DEFINED (FLASH_NSC_START)?ABSOLUTE (FLASH_NSC_START):__RESERVE_NS_RAM?ABSOLUTE ((FLASH_START + FLASH_LENGTH)):ALIGN (0x400)
                0x00005c00                        _start_sg = .
 *(.gnu.sgstubs*)
                0x00005c00                        . = ALIGN (0x20)
                0x00005c00                        _end_sg = .
                0x00008000                        __tz_FLASH_N = DEFINED (FLASH_NS_START)?ABSOLUTE (FLASH_NS_START):__RESERVE_NS_RAM?ABSOLUTE ((FLASH_START + FLASH_LENGTH)):(FLASH_LENGTH < 0x8000)?FLASH_LENGTH:ALIGN (0x8000)
                0x00008000                        FLASH_NS_IMAGE_START = DEFINED (FLASH_NS_IMAGE_START)?FLASH_NS_IMAGE_START:__tz_FLASH_N
                0x60000000                        __tz_QSPI_FLASH_S = ORIGIN (QSPI_FLASH)

.qspi_flash     0x60000000        0x0
                0x60000000                        __qspi_flash_start__ = .
 *(.qspi_flash*)
 *(.code_in_qspi*)
                0x60000000                        __qspi_flash_end__ = .
                0x00000000                        __qspi_flash_code_size__ = (__qspi_flash_end__ - __qspi_flash_start__)
                0x00005bb8                        __qspi_flash_code_addr__ = sgstubs_pre_location

.qspi_non_retentive
                0x60000000        0x0 load address 0x00005bb8
                0x60000000                        __qspi_non_retentive_start__ = .
 *(.qspi_non_retentive*)
                0x60000000                        __qspi_non_retentive_end__ = .
                0x00000000                        __qspi_non_retentive_size__ = (__qspi_non_retentive_end__ - __qspi_non_retentive_start__)
                0x04000000                        __qspi_region_max_size__ = 0x4000000
                0x60000000                        __qspi_region_start_address__ = __qspi_flash_start__
                0x64000000                        __qspi_region_end_address__ = (__qspi_flash_start__ + __qspi_region_max_size__)
                0x60000000                        __tz_QSPI_FLASH_N = __qspi_non_retentive_end__

.OSPI_DEVICE_0_NO_LOAD
                0x68000000        0x0
                0x68000000                        . = ALIGN (0x4)
                0x68000000                        __ospi_device_0_start__ = .
 *(.ospi_device_0_no_load*)
                0x68000000                        . = ALIGN (0x4)
                0x68000000                        __ospi_device_0_end__ = .

.OSPI_DEVICE_1_NO_LOAD
                0x70000000        0x0
                0x70000000                        . = ALIGN (0x4)
                0x70000000                        __ospi_device_1_start__ = .
 *(.ospi_device_1_no_load*)
                0x70000000                        . = ALIGN (0x4)
                0x70000000                        __ospi_device_1_end__ = .
                0x68000000                        __tz_OSPI_DEVICE_0_S = ORIGIN (OSPI_DEVICE_0)

.OSPI_DEVICE_0  0x68000000        0x0
                0x68000000                        __ospi_device_0_start__ = .
 *(.ospi_device_0*)
 *(.code_in_ospi_device_0*)
                0x68000000                        __ospi_device_0_end__ = .
                0x00000000                        __ospi_device_0_code_size__ = (__ospi_device_0_end__ - __ospi_device_0_start__)
                0x00005bb8                        __ospi_device_0_code_addr__ = (sgstubs_pre_location + SIZEOF (.qspi_non_retentive))

.ospi_device_0_non_retentive
                0x68000000        0x0 load address 0x00005bb8
                0x68000000                        __ospi_device_0_non_retentive_start__ = .
 *(.ospi_device_0_non_retentive*)
                0x68000000                        __ospi_device_0_non_retentive_end__ = .
                0x00000000                        __ospi_device_0_non_retentive_size__ = (__ospi_device_0_non_retentive_end__ - __ospi_device_0_non_retentive_start__)
                0x08000000                        __ospi_device_0_region_max_size__ = 0x8000000
                0x68000000                        __ospi_device_0_region_start_address__ = __ospi_device_0_start__
                0x70000000                        __ospi_device_0_region_end_address__ = (__ospi_device_0_start__ + __ospi_device_0_region_max_size__)
                0x68000000                        __tz_OSPI_DEVICE_0_N = __ospi_device_0_non_retentive_end__
                0x70000000                        __tz_OSPI_DEVICE_1_S = ORIGIN (OSPI_DEVICE_1)

.OSPI_DEVICE_1  0x70000000        0x0
                0x70000000                        __ospi_device_1_start__ = .
 *(.ospi_device_1*)
 *(.code_in_ospi_device_1*)
                0x70000000                        __ospi_device_1_end__ = .
                0x00000000                        __ospi_device_1_code_size__ = (__ospi_device_1_end__ - __ospi_device_1_start__)
                0x00005bb8                        __ospi_device_1_code_addr__ = (sgstubs_pre_location + (SIZEOF (.qspi_non_retentive) + SIZEOF (.ospi_device_0_non_retentive)))

.ospi_device_1_non_retentive
                0x70000000        0x0 load address 0x00005bb8
                0x70000000                        __ospi_device_1_non_retentive_start__ = .
 *(.ospi_device_1_non_retentive*)
                0x70000000                        __ospi_device_1_non_retentive_end__ = .
                0x00000000                        __ospi_device_1_non_retentive_size__ = (__ospi_device_1_non_retentive_end__ - __ospi_device_1_non_retentive_start__)
                0x10000000                        __ospi_device_1_region_max_size__ = 0x10000000
                0x70000000                        __ospi_device_1_region_start_address__ = __ospi_device_1_start__
                0x80000000                        __ospi_device_1_region_end_address__ = (__ospi_device_1_start__ + __ospi_device_1_region_max_size__)
                0x70000000                        __tz_OSPI_DEVICE_1_N = __ospi_device_1_non_retentive_end__

.noinit         0x20000144       0x1c
                0x20000144                        . = ALIGN (0x4)
                0x20000144                        __noinit_start = .
 *(.noinit*)
 .noinit        0x20000144       0x1c ./ra/fsp/src/bsp/mcu/all/bsp_clocks.o
                0x20000160                        . = ALIGN (0x8)
 *(.heap.*)
                0x20000160                        __noinit_end = .

.bss            0x20000160      0x57c
                0x20000160                        . = ALIGN (0x4)
                0x20000160                        __bss_start__ = .
 *(.bss*)
 .bss.completed.1
                0x20000160        0x1 C:/Renesas/RA/e2studio_v2023-10_fsp_v5.1.0/toolchains/gcc_arm/13.2.rel1/bin/../lib/gcc/arm-none-eabi/13.2.1/thumb/v8-m.main+fp/hard/crtbegin.o
 *fill*         0x20000161        0x3 
 .bss.object.0  0x20000164       0x18 C:/Renesas/RA/e2studio_v2023-10_fsp_v5.1.0/toolchains/gcc_arm/13.2.rel1/bin/../lib/gcc/arm-none-eabi/13.2.1/thumb/v8-m.main+fp/hard/crtbegin.o
 .bss.hs4001_data
                0x2000017c        0x8 ./src/hal_entry.o
                0x2000017c                hs4001_data
 .bss.zmod4410_data
                0x20000184       0x54 ./src/hal_entry.o
                0x20000184                zmod4410_data
 .bss.g_zmod4xxx_i2c_callback_event
                0x200001d8        0x1 ./src/hal_entry.o
                0x200001d8                g_zmod4xxx_i2c_callback_event
 .bss.g_zmod4xxx_i2c_completed
                0x200001d9        0x1 ./src/hal_entry.o
                0x200001d9                g_zmod4xxx_i2c_completed
 .bss.g_hs400x_completed
                0x200001da        0x1 ./src/hal_entry.o
                0x200001da                g_hs400x_completed
 *fill*         0x200001db        0x1 
 .bss.g_ioport_ctrl
                0x200001dc        0x8 ./ra_gen/common_data.o
                0x200001dc                g_ioport_ctrl
 .bss.g_i2c0_ctrl
                0x200001e4       0x40 ./ra_gen/common_data.o
                0x200001e4                g_i2c0_ctrl
 .bss.g_zmod4xxx_sensor0_ctrl
                0x20000224       0x70 ./ra_gen/hal_data.o
                0x20000224                g_zmod4xxx_sensor0_ctrl
 .bss.g_zmod4xxx_sensor0_product_data
                0x20000294        0x7 ./ra_gen/hal_data.o
                0x20000294                g_zmod4xxx_sensor0_product_data
 *fill*         0x2000029b        0x1 
 .bss.g_zmod4xxx_sensor0_lib_results
                0x2000029c       0x50 ./ra_gen/hal_data.o
                0x2000029c                g_zmod4xxx_sensor0_lib_results
 .bss.g_zmod4xxx_sensor0_lib_handle
                0x200002ec       0x50 ./ra_gen/hal_data.o
                0x200002ec                g_zmod4xxx_sensor0_lib_handle
 .bss.g_zmod4xxx_sensor0_dev
                0x2000033c       0x28 ./ra_gen/hal_data.o
                0x2000033c                g_zmod4xxx_sensor0_dev
 .bss.g_comms_i2c_device0_ctrl
                0x20000364       0x20 ./ra_gen/hal_data.o
                0x20000364                g_comms_i2c_device0_ctrl
 .bss.g_hs400x_sensor0_ctrl
                0x20000384       0x30 ./ra_gen/hal_data.o
                0x20000384                g_hs400x_sensor0_ctrl
 .bss.g_comms_i2c_device1_ctrl
                0x200003b4       0x20 ./ra_gen/hal_data.o
                0x200003b4                g_comms_i2c_device1_ctrl
 .bss.g_bsp_group_irq_sources
                0x200003d4       0x40 ./ra/fsp/src/bsp/mcu/all/bsp_group_irq.o
                0x200003d4                g_bsp_group_irq_sources
 .bss.g_protect_pfswe_counter
                0x20000414        0x4 ./ra/fsp/src/bsp/mcu/all/bsp_io.o
                0x20000414                g_protect_pfswe_counter
 .bss.gp_renesas_isr_context
                0x20000418      0x180 ./ra/fsp/src/bsp/mcu/all/bsp_irq.o
                0x20000418                gp_renesas_isr_context
 .bss.g_protect_counters
                0x20000598        0x8 ./ra/fsp/src/bsp/mcu/all/bsp_register_protection.o
                0x20000598                g_protect_counters
 .bss.SystemCoreClock
                0x200005a0        0x4 ./ra/fsp/src/bsp/cmsis/Device/RENESAS/Source/system.o
                0x200005a0                SystemCoreClock
 .bss.__sf      0x200005a4      0x138 C:/Renesas/RA/e2studio_v2023-10_fsp_v5.1.0/toolchains/gcc_arm/13.2.rel1/bin/../lib/gcc/arm-none-eabi/13.2.1/thumb/v8-m.main+fp/hard\libg_nano.a(libc_a-findfp.o)
                0x200005a4                __sf
 *(COMMON)
                0x200006dc                        . = ALIGN (0x4)
                0x200006dc                        __bss_end__ = .

.heap           0x200006dc        0x4
                0x200006e0                        . = ALIGN (0x8)
 *fill*         0x200006dc        0x4 
                0x200006e0                        __HeapBase = .
 *(.heap)
                0x200006e0                        __HeapLimit = .

.stack_dummy    0x200006e0      0x400
                0x200006e0                        . = ALIGN (0x8)
                0x200006e0                        __StackLimit = .
 *(.stack)
 .stack         0x200006e0      0x400 ./ra/fsp/src/bsp/cmsis/Device/RENESAS/Source/startup.o
                0x20000ae0                        __StackTop = .
 *(.stack*)
                0x20000ae0                        __StackTopAll = .
                0x20000ae0                        PROVIDE (__stack = __StackTopAll)
                0x20000ae0                        __RAM_segment_used_end__ = ALIGN (__StackTopAll, 0x4)
                0x20000c00                        __tz_RAM_C = DEFINED (RAM_NSC_START)?ABSOLUTE ((RAM_NSC_START - RAM_NS_BUFFER_BLOCK_LENGTH)):__RESERVE_NS_RAM?ABSOLUTE (RAM_NS_BUFFER_BLOCK_START):ALIGN (__RAM_segment_used_end__, 0x400)
                0x20002000                        __tz_RAM_N = DEFINED (RAM_NS_START)?ABSOLUTE ((RAM_NS_START - RAM_NS_BUFFER_BLOCK_LENGTH)):__RESERVE_NS_RAM?ABSOLUTE (RAM_NS_BUFFER_BLOCK_START):ALIGN (__tz_RAM_C, 0x2000)

.ns_buffer      0x20000ae0        0x0
                0x20000ae0                        . = __RESERVE_NS_RAM?ABSOLUTE ((RAM_NS_BUFFER_START & 0xffffffe0)):.
 *(.ns_buffer*)

.data_flash     0x08000000        0x0
                0x08000000                        . = ORIGIN (DATA_FLASH)
                0x08000000                        __tz_DATA_FLASH_S = .
                0x08000000                        __Data_Flash_Start = .
 *(.data_flash*)
                0x08000000                        __Data_Flash_End = .
                0x08000000                        __tz_DATA_FLASH_N = DEFINED (DATA_FLASH_NS_START)?ABSOLUTE (DATA_FLASH_NS_START):__RESERVE_NS_RAM?ABSOLUTE ((DATA_FLASH_START + DATA_FLASH_LENGTH)):ALIGN (0x400)
                0x80010000                        __tz_SDRAM_S = ORIGIN (SDRAM)

.sdram          0x80010000        0x0
                0x80010000                        __SDRAM_Start = .
 *(.sdram*)
 *(.frame*)
                0x80010000                        __SDRAM_End = .
                0x80010000                        __tz_SDRAM_N = __SDRAM_End
                0x00000000                        __tz_ID_CODE_S = ORIGIN (ID_CODE)
                0x00000000                        __tz_ID_CODE_N = __tz_ID_CODE_S

.id_code        0x00000000        0x0
                0x00000000                        __ID_Code_Start = .
 *(.id_code*)
                0x00000000                        __ID_Code_End = .
                0x0100a100                        __tz_OPTION_SETTING_S = ORIGIN (OPTION_SETTING_OFS)

.option_setting_ofs
                0x0100a100       0x14
                0x0100a100                        __OPTION_SETTING_OFS_Start = .
 *(.option_setting_ofs0)
 .option_setting_ofs0
                0x0100a100        0x4 ./ra/fsp/src/bsp/mcu/all/bsp_rom_registers.o
                0x0100a104                        . = PROJECT_SECURE_OR_FLAT?(__OPTION_SETTING_OFS_Start + 0x4):__OPTION_SETTING_OFS_Start
 *(.option_setting_ofs2)
                0x0100a110                        . = PROJECT_SECURE_OR_FLAT?(__OPTION_SETTING_OFS_Start + 0x10):__OPTION_SETTING_OFS_Start
 *fill*         0x0100a104        0xc ff
 *(.option_setting_dualsel)
 .option_setting_dualsel
                0x0100a110        0x4 ./ra/fsp/src/bsp/mcu/all/bsp_rom_registers.o
                0x0100a114                        __OPTION_SETTING_OFS_End = .

.option_setting_sas
                0x0100a134        0x4
                0x0100a134                        __OPTION_SETTING_SAS_Start = .
 *(.option_setting_sas)
 .option_setting_sas
                0x0100a134        0x4 ./ra/fsp/src/bsp/mcu/all/bsp_rom_registers.o
                0x0100a138                        __OPTION_SETTING_SAS_End = .
                0x0100a180                        __tz_OPTION_SETTING_N = ABSOLUTE (OPTION_SETTING_START_NS)

.option_setting_ns
                0x0100a100        0x0
                0x0100a100                        __OPTION_SETTING_NS_Start = .
 *(.option_setting_ofs1)
                0x0100a100                        . = USE_OPTION_SETTING_NS?(__OPTION_SETTING_NS_Start + 0x4):__OPTION_SETTING_NS_Start
 *(.option_setting_ofs3)
                0x0100a100                        . = USE_OPTION_SETTING_NS?(__OPTION_SETTING_NS_Start + 0x10):__OPTION_SETTING_NS_Start
 *(.option_setting_banksel)
                0x0100a100                        . = USE_OPTION_SETTING_NS?(__OPTION_SETTING_NS_Start + 0x40):__OPTION_SETTING_NS_Start
 *(.option_setting_bps0)
                0x0100a100                        . = USE_OPTION_SETTING_NS?(__OPTION_SETTING_NS_Start + 0x44):__OPTION_SETTING_NS_Start
 *(.option_setting_bps1)
                0x0100a100                        . = USE_OPTION_SETTING_NS?(__OPTION_SETTING_NS_Start + 0x48):__OPTION_SETTING_NS_Start
 *(.option_setting_bps2)
                0x0100a100                        . = USE_OPTION_SETTING_NS?(__OPTION_SETTING_NS_Start + 0x4c):__OPTION_SETTING_NS_Start
 *(.option_setting_bps3)
                0x0100a100                        . = USE_OPTION_SETTING_NS?(__OPTION_SETTING_NS_Start + 0x60):__OPTION_SETTING_NS_Start
 *(.option_setting_pbps0)
                0x0100a100                        . = USE_OPTION_SETTING_NS?(__OPTION_SETTING_NS_Start + 0x64):__OPTION_SETTING_NS_Start
 *(.option_setting_pbps1)
                0x0100a100                        . = USE_OPTION_SETTING_NS?(__OPTION_SETTING_NS_Start + 0x68):__OPTION_SETTING_NS_Start
 *(.option_setting_pbps2)
                0x0100a100                        . = USE_OPTION_SETTING_NS?(__OPTION_SETTING_NS_Start + 0x6c):__OPTION_SETTING_NS_Start
 *(.option_setting_pbps3)
                0x0100a100                        __OPTION_SETTING_NS_End = .
                0x0100a200                        __tz_OPTION_SETTING_S_S = ORIGIN (OPTION_SETTING_S)

.option_setting_s
                0x0100a200       0xd0
                0x0100a200                        __OPTION_SETTING_S_Start = .
 *(.option_setting_ofs1_sec)
 .option_setting_ofs1_sec
                0x0100a200        0x4 ./ra/fsp/src/bsp/mcu/all/bsp_rom_registers.o
                0x0100a204                        . = PROJECT_SECURE_OR_FLAT?(__OPTION_SETTING_S_Start + 0x4):__OPTION_SETTING_S_Start
 *(.option_setting_ofs3_sec)
                0x0100a210                        . = PROJECT_SECURE_OR_FLAT?(__OPTION_SETTING_S_Start + 0x10):__OPTION_SETTING_S_Start
 *fill*         0x0100a204        0xc ff
 *(.option_setting_banksel_sec)
 .option_setting_banksel_sec
                0x0100a210        0x4 ./ra/fsp/src/bsp/mcu/all/bsp_rom_registers.o
                0x0100a240                        . = PROJECT_SECURE_OR_FLAT?(__OPTION_SETTING_S_Start + 0x40):__OPTION_SETTING_S_Start
 *fill*         0x0100a214       0x2c ff
 *(.option_setting_bps_sec0)
 .option_setting_bps_sec0
                0x0100a240        0x4 ./ra/fsp/src/bsp/mcu/all/bsp_rom_registers.o
                0x0100a244                        . = PROJECT_SECURE_OR_FLAT?(__OPTION_SETTING_S_Start + 0x44):__OPTION_SETTING_S_Start
 *(.option_setting_bps_sec1)
 .option_setting_bps_sec1
                0x0100a244        0x4 ./ra/fsp/src/bsp/mcu/all/bsp_rom_registers.o
                0x0100a248                        . = PROJECT_SECURE_OR_FLAT?(__OPTION_SETTING_S_Start + 0x48):__OPTION_SETTING_S_Start
 *(.option_setting_bps_sec2)
 .option_setting_bps_sec2
                0x0100a248        0x4 ./ra/fsp/src/bsp/mcu/all/bsp_rom_registers.o
                0x0100a24c                        . = PROJECT_SECURE_OR_FLAT?(__OPTION_SETTING_S_Start + 0x4c):__OPTION_SETTING_S_Start
 *(.option_setting_bps_sec3)
 .option_setting_bps_sec3
                0x0100a24c        0x4 ./ra/fsp/src/bsp/mcu/all/bsp_rom_registers.o
                0x0100a260                        . = PROJECT_SECURE_OR_FLAT?(__OPTION_SETTING_S_Start + 0x60):__OPTION_SETTING_S_Start
 *fill*         0x0100a250       0x10 ff
 *(.option_setting_pbps_sec0)
 .option_setting_pbps_sec0
                0x0100a260        0x4 ./ra/fsp/src/bsp/mcu/all/bsp_rom_registers.o
                0x0100a264                        . = PROJECT_SECURE_OR_FLAT?(__OPTION_SETTING_S_Start + 0x64):__OPTION_SETTING_S_Start
 *(.option_setting_pbps_sec1)
 .option_setting_pbps_sec1
                0x0100a264        0x4 ./ra/fsp/src/bsp/mcu/all/bsp_rom_registers.o
                0x0100a268                        . = PROJECT_SECURE_OR_FLAT?(__OPTION_SETTING_S_Start + 0x68):__OPTION_SETTING_S_Start
 *(.option_setting_pbps_sec2)
 .option_setting_pbps_sec2
                0x0100a268        0x4 ./ra/fsp/src/bsp/mcu/all/bsp_rom_registers.o
                0x0100a26c                        . = PROJECT_SECURE_OR_FLAT?(__OPTION_SETTING_S_Start + 0x6c):__OPTION_SETTING_S_Start
 *(.option_setting_pbps_sec3)
 .option_setting_pbps_sec3
                0x0100a26c        0x4 ./ra/fsp/src/bsp/mcu/all/bsp_rom_registers.o
                0x0100a280                        . = PROJECT_SECURE_OR_FLAT?(__OPTION_SETTING_S_Start + 0x80):__OPTION_SETTING_S_Start
 *fill*         0x0100a270       0x10 ff
 *(.option_setting_ofs1_sel)
 .option_setting_ofs1_sel
                0x0100a280        0x4 ./ra/fsp/src/bsp/mcu/all/bsp_rom_registers.o
                0x0100a284                        . = PROJECT_SECURE_OR_FLAT?(__OPTION_SETTING_S_Start + 0x84):__OPTION_SETTING_S_Start
 *(.option_setting_ofs3_sel)
                0x0100a290                        . = PROJECT_SECURE_OR_FLAT?(__OPTION_SETTING_S_Start + 0x90):__OPTION_SETTING_S_Start
 *fill*         0x0100a284        0xc ff
 *(.option_setting_banksel_sel)
 .option_setting_banksel_sel
                0x0100a290        0x4 ./ra/fsp/src/bsp/mcu/all/bsp_rom_registers.o
                0x0100a2c0                        . = PROJECT_SECURE_OR_FLAT?(__OPTION_SETTING_S_Start + 0xc0):__OPTION_SETTING_S_Start
 *fill*         0x0100a294       0x2c ff
 *(.option_setting_bps_sel0)
 .option_setting_bps_sel0
                0x0100a2c0        0x4 ./ra/fsp/src/bsp/mcu/all/bsp_rom_registers.o
                0x0100a2c4                        . = PROJECT_SECURE_OR_FLAT?(__OPTION_SETTING_S_Start + 0xc4):__OPTION_SETTING_S_Start
 *(.option_setting_bps_sel1)
 .option_setting_bps_sel1
                0x0100a2c4        0x4 ./ra/fsp/src/bsp/mcu/all/bsp_rom_registers.o
                0x0100a2c8                        . = PROJECT_SECURE_OR_FLAT?(__OPTION_SETTING_S_Start + 0xc8):__OPTION_SETTING_S_Start
 *(.option_setting_bps_sel2)
 .option_setting_bps_sel2
                0x0100a2c8        0x4 ./ra/fsp/src/bsp/mcu/all/bsp_rom_registers.o
                0x0100a2cc                        . = PROJECT_SECURE_OR_FLAT?(__OPTION_SETTING_S_Start + 0xcc):__OPTION_SETTING_S_Start
 *(.option_setting_bps_sel3)
 .option_setting_bps_sel3
                0x0100a2cc        0x4 ./ra/fsp/src/bsp/mcu/all/bsp_rom_registers.o
                0x0100a2d0                        __OPTION_SETTING_S_End = .
                0x0100a2d0                        __tz_OPTION_SETTING_S_N = __OPTION_SETTING_S_End
OUTPUT(combo_sensor.elf elf32-littlearm)
LOAD linker stubs

.rel.dyn        0x0100a2d0        0x0
 .rel.iplt      0x0100a2d0        0x0 C:/Renesas/RA/e2studio_v2023-10_fsp_v5.1.0/toolchains/gcc_arm/13.2.rel1/bin/../lib/gcc/arm-none-eabi/13.2.1/thumb/v8-m.main+fp/hard/crtbegin.o

.ARM.attributes
                0x00000000       0x36
 .ARM.attributes
                0x00000000       0x26 C:/Renesas/RA/e2studio_v2023-10_fsp_v5.1.0/toolchains/gcc_arm/13.2.rel1/bin/../lib/gcc/arm-none-eabi/13.2.1/thumb/v8-m.main+fp/hard/crti.o
 .ARM.attributes
                0x00000026       0x38 C:/Renesas/RA/e2studio_v2023-10_fsp_v5.1.0/toolchains/gcc_arm/13.2.rel1/bin/../lib/gcc/arm-none-eabi/13.2.1/thumb/v8-m.main+fp/hard/crtbegin.o
 .ARM.attributes
                0x0000005e       0x3a ./src/hal_entry.o
 .ARM.attributes
                0x00000098       0x3a ./ra_gen/common_data.o
 .ARM.attributes
                0x000000d2       0x3a ./ra_gen/hal_data.o
 .ARM.attributes
                0x0000010c       0x3a ./ra_gen/main.o
 .ARM.attributes
                0x00000146       0x3a ./ra_gen/pin_data.o
 .ARM.attributes
                0x00000180       0x3a ./ra_gen/vector_data.o
 .ARM.attributes
                0x000001ba       0x3a ./ra/fsp/src/rm_zmod4xxx/iaq_2nd_gen/rm_zmod4410_iaq_2nd_gen.o
 .ARM.attributes
                0x000001f4       0x3a ./ra/fsp/src/rm_zmod4xxx/rm_zmod4xxx.o
 .ARM.attributes
                0x0000022e       0x3a ./ra/fsp/src/rm_zmod4xxx/rm_zmod4xxx_ra_driver.o
 .ARM.attributes
                0x00000268       0x3a ./ra/fsp/src/rm_hs400x/rm_hs400x.o
 .ARM.attributes
                0x000002a2       0x3a ./ra/fsp/src/rm_hs400x/rm_hs400x_ra_driver.o
 .ARM.attributes
                0x000002dc       0x3a ./ra/fsp/src/rm_comms_i2c/rm_comms_i2c.o
 .ARM.attributes
                0x00000316       0x3a ./ra/fsp/src/rm_comms_i2c/rm_comms_i2c_driver_ra.o
 .ARM.attributes
                0x00000350       0x3a ./ra/fsp/src/r_sci_i2c/r_sci_i2c.o
 .ARM.attributes
                0x0000038a       0x3a ./ra/fsp/src/r_ioport/r_ioport.o
 .ARM.attributes
                0x000003c4       0x3a ./ra/fsp/src/bsp/mcu/all/bsp_clocks.o
 .ARM.attributes
                0x000003fe       0x3a ./ra/fsp/src/bsp/mcu/all/bsp_common.o
 .ARM.attributes
                0x00000438       0x3a ./ra/fsp/src/bsp/mcu/all/bsp_delay.o
 .ARM.attributes
                0x00000472       0x3a ./ra/fsp/src/bsp/mcu/all/bsp_group_irq.o
 .ARM.attributes
                0x000004ac       0x3a ./ra/fsp/src/bsp/mcu/all/bsp_io.o
 .ARM.attributes
                0x000004e6       0x3a ./ra/fsp/src/bsp/mcu/all/bsp_irq.o
 .ARM.attributes
                0x00000520       0x3a ./ra/fsp/src/bsp/mcu/all/bsp_register_protection.o
 .ARM.attributes
                0x0000055a       0x3a ./ra/fsp/src/bsp/mcu/all/bsp_rom_registers.o
 .ARM.attributes
                0x00000594       0x3a ./ra/fsp/src/bsp/cmsis/Device/RENESAS/Source/startup.o
 .ARM.attributes
                0x000005ce       0x3a ./ra/fsp/src/bsp/cmsis/Device/RENESAS/Source/system.o
 .ARM.attributes
                0x00000608       0x3a ./ra/board/ra6m4_ek/board_init.o
 .ARM.attributes
                0x00000642       0x3a C:\Users\markg\e2_studio\workspace\combo_sensor\ra\fsp\lib\rm_zmod4xxx\cm33_gcc\lib_iaq_2nd_gen.a(iaq_2nd_gen.o)
 .ARM.attributes
                0x0000067c       0x3a C:\Users\markg\e2_studio\workspace\combo_sensor\ra\fsp\lib\rm_zmod4xxx\cm33_gcc\lib_iaq_2nd_gen.a(iaq_2nd_gen_RH_nnet.o)
 .ARM.attributes
                0x000006b6       0x3a C:\Users\markg\e2_studio\workspace\combo_sensor\ra\fsp\lib\rm_zmod4xxx\cm33_gcc\lib_iaq_2nd_gen.a(iaq_2nd_gen_T_nnet.o)
 .ARM.attributes
                0x000006f0       0x3a C:\Users\markg\e2_studio\workspace\combo_sensor\ra\fsp\lib\rm_zmod4xxx\cm33_gcc\lib_iaq_2nd_gen.a(iaq_2nd_gen_V6_nnet.o)
 .ARM.attributes
                0x0000072a       0x3a C:\Users\markg\e2_studio\workspace\combo_sensor\ra\fsp\lib\rm_zmod4xxx\cm33_gcc\lib_iaq_2nd_gen.a(iaq_2nd_gen_nnet.o)
 .ARM.attributes
                0x00000764       0x3a C:\Users\markg\e2_studio\workspace\combo_sensor\ra\fsp\lib\rm_zmod4xxx\cm33_gcc\lib_iaq_2nd_gen.a(nnet_funcs.o)
 .ARM.attributes
                0x0000079e       0x26 C:/Renesas/RA/e2studio_v2023-10_fsp_v5.1.0/toolchains/gcc_arm/13.2.rel1/bin/../lib/gcc/arm-none-eabi/13.2.1/thumb/v8-m.main+fp/hard\libgcc.a(_arm_addsubdf3.o)
 .ARM.attributes
                0x000007c4       0x26 C:/Renesas/RA/e2studio_v2023-10_fsp_v5.1.0/toolchains/gcc_arm/13.2.rel1/bin/../lib/gcc/arm-none-eabi/13.2.1/thumb/v8-m.main+fp/hard\libgcc.a(_arm_truncdfsf2.o)
 .ARM.attributes
                0x000007ea       0x38 C:/Renesas/RA/e2studio_v2023-10_fsp_v5.1.0/toolchains/gcc_arm/13.2.rel1/bin/../lib/gcc/arm-none-eabi/13.2.1/thumb/v8-m.main+fp/hard\libg_nano.a(libc_a-findfp.o)
 .ARM.attributes
                0x00000822       0x38 C:/Renesas/RA/e2studio_v2023-10_fsp_v5.1.0/toolchains/gcc_arm/13.2.rel1/bin/../lib/gcc/arm-none-eabi/13.2.1/thumb/v8-m.main+fp/hard\libg_nano.a(libc_a-memset.o)
 .ARM.attributes
                0x0000085a       0x38 C:/Renesas/RA/e2studio_v2023-10_fsp_v5.1.0/toolchains/gcc_arm/13.2.rel1/bin/../lib/gcc/arm-none-eabi/13.2.1/thumb/v8-m.main+fp/hard\libg_nano.a(libc_a-impure.o)
 .ARM.attributes
                0x00000892       0x38 C:/Renesas/RA/e2studio_v2023-10_fsp_v5.1.0/toolchains/gcc_arm/13.2.rel1/bin/../lib/gcc/arm-none-eabi/13.2.1/thumb/v8-m.main+fp/hard\libg_nano.a(libc_a-errno.o)
 .ARM.attributes
                0x000008ca       0x38 C:/Renesas/RA/e2studio_v2023-10_fsp_v5.1.0/toolchains/gcc_arm/13.2.rel1/bin/../lib/gcc/arm-none-eabi/13.2.1/thumb/v8-m.main+fp/hard\libg_nano.a(libc_a-memcpy-stub.o)
 .ARM.attributes
                0x00000902       0x38 C:/Renesas/RA/e2studio_v2023-10_fsp_v5.1.0/toolchains/gcc_arm/13.2.rel1/bin/../lib/gcc/arm-none-eabi/13.2.1/thumb/v8-m.main+fp/hard/crtend.o
 .ARM.attributes
                0x0000093a       0x26 C:/Renesas/RA/e2studio_v2023-10_fsp_v5.1.0/toolchains/gcc_arm/13.2.rel1/bin/../lib/gcc/arm-none-eabi/13.2.1/thumb/v8-m.main+fp/hard/crtn.o
 .ARM.attributes
                0x00000960       0x38 C:/Renesas/RA/e2studio_v2023-10_fsp_v5.1.0/toolchains/gcc_arm/13.2.rel1/bin/../lib/gcc/arm-none-eabi/13.2.1/thumb/v8-m.main+fp/hard\libm.a(libm_a-w_exp.o)
 .ARM.attributes
                0x00000998       0x38 C:/Renesas/RA/e2studio_v2023-10_fsp_v5.1.0/toolchains/gcc_arm/13.2.rel1/bin/../lib/gcc/arm-none-eabi/13.2.1/thumb/v8-m.main+fp/hard\libm.a(libm_a-w_log10.o)
 .ARM.attributes
                0x000009d0       0x38 C:/Renesas/RA/e2studio_v2023-10_fsp_v5.1.0/toolchains/gcc_arm/13.2.rel1/bin/../lib/gcc/arm-none-eabi/13.2.1/thumb/v8-m.main+fp/hard\libm.a(libm_a-w_pow.o)
 .ARM.attributes
                0x00000a08       0x38 C:/Renesas/RA/e2studio_v2023-10_fsp_v5.1.0/toolchains/gcc_arm/13.2.rel1/bin/../lib/gcc/arm-none-eabi/13.2.1/thumb/v8-m.main+fp/hard\libm.a(libm_a-s_finite.o)
 .ARM.attributes
                0x00000a40       0x38 C:/Renesas/RA/e2studio_v2023-10_fsp_v5.1.0/toolchains/gcc_arm/13.2.rel1/bin/../lib/gcc/arm-none-eabi/13.2.1/thumb/v8-m.main+fp/hard\libm.a(libm_a-s_nan.o)
 .ARM.attributes
                0x00000a78       0x38 C:/Renesas/RA/e2studio_v2023-10_fsp_v5.1.0/toolchains/gcc_arm/13.2.rel1/bin/../lib/gcc/arm-none-eabi/13.2.1/thumb/v8-m.main+fp/hard\libm.a(libm_a-e_exp.o)
 .ARM.attributes
                0x00000ab0       0x38 C:/Renesas/RA/e2studio_v2023-10_fsp_v5.1.0/toolchains/gcc_arm/13.2.rel1/bin/../lib/gcc/arm-none-eabi/13.2.1/thumb/v8-m.main+fp/hard\libm.a(libm_a-e_log10.o)
 .ARM.attributes
                0x00000ae8       0x38 C:/Renesas/RA/e2studio_v2023-10_fsp_v5.1.0/toolchains/gcc_arm/13.2.rel1/bin/../lib/gcc/arm-none-eabi/13.2.1/thumb/v8-m.main+fp/hard\libm.a(libm_a-e_pow.o)
 .ARM.attributes
                0x00000b20       0x38 C:/Renesas/RA/e2studio_v2023-10_fsp_v5.1.0/toolchains/gcc_arm/13.2.rel1/bin/../lib/gcc/arm-none-eabi/13.2.1/thumb/v8-m.main+fp/hard\libm.a(libm_a-s_fabs.o)
 .ARM.attributes
                0x00000b58       0x38 C:/Renesas/RA/e2studio_v2023-10_fsp_v5.1.0/toolchains/gcc_arm/13.2.rel1/bin/../lib/gcc/arm-none-eabi/13.2.1/thumb/v8-m.main+fp/hard\libm.a(libm_a-s_scalbn.o)
 .ARM.attributes
                0x00000b90       0x38 C:/Renesas/RA/e2studio_v2023-10_fsp_v5.1.0/toolchains/gcc_arm/13.2.rel1/bin/../lib/gcc/arm-none-eabi/13.2.1/thumb/v8-m.main+fp/hard\libm.a(libm_a-math_err.o)
 .ARM.attributes
                0x00000bc8       0x38 C:/Renesas/RA/e2studio_v2023-10_fsp_v5.1.0/toolchains/gcc_arm/13.2.rel1/bin/../lib/gcc/arm-none-eabi/13.2.1/thumb/v8-m.main+fp/hard\libm.a(libm_a-e_sqrt.o)
 .ARM.attributes
                0x00000c00       0x38 C:/Renesas/RA/e2studio_v2023-10_fsp_v5.1.0/toolchains/gcc_arm/13.2.rel1/bin/../lib/gcc/arm-none-eabi/13.2.1/thumb/v8-m.main+fp/hard\libm.a(libm_a-e_log.o)
 .ARM.attributes
                0x00000c38       0x26 C:/Renesas/RA/e2studio_v2023-10_fsp_v5.1.0/toolchains/gcc_arm/13.2.rel1/bin/../lib/gcc/arm-none-eabi/13.2.1/thumb/v8-m.main+fp/hard\libgcc.a(_arm_muldivdf3.o)
 .ARM.attributes
                0x00000c5e       0x26 C:/Renesas/RA/e2studio_v2023-10_fsp_v5.1.0/toolchains/gcc_arm/13.2.rel1/bin/../lib/gcc/arm-none-eabi/13.2.1/thumb/v8-m.main+fp/hard\libgcc.a(_arm_cmpdf2.o)
 .ARM.attributes
                0x00000c84       0x26 C:/Renesas/RA/e2studio_v2023-10_fsp_v5.1.0/toolchains/gcc_arm/13.2.rel1/bin/../lib/gcc/arm-none-eabi/13.2.1/thumb/v8-m.main+fp/hard\libgcc.a(_arm_unorddf2.o)
 .ARM.attributes
                0x00000caa       0x26 C:/Renesas/RA/e2studio_v2023-10_fsp_v5.1.0/toolchains/gcc_arm/13.2.rel1/bin/../lib/gcc/arm-none-eabi/13.2.1/thumb/v8-m.main+fp/hard\libgcc.a(_arm_fixdfsi.o)

.comment        0x00000000       0x44
 .comment       0x00000000       0x44 ./src/hal_entry.o
                                 0x45 (size before relaxing)
 .comment       0x00000044       0x45 ./ra_gen/common_data.o
 .comment       0x00000044       0x45 ./ra_gen/hal_data.o
 .comment       0x00000044       0x45 ./ra_gen/main.o
 .comment       0x00000044       0x45 ./ra_gen/pin_data.o
 .comment       0x00000044       0x45 ./ra_gen/vector_data.o
 .comment       0x00000044       0x45 ./ra/fsp/src/rm_zmod4xxx/iaq_2nd_gen/rm_zmod4410_iaq_2nd_gen.o
 .comment       0x00000044       0x45 ./ra/fsp/src/rm_zmod4xxx/rm_zmod4xxx.o
 .comment       0x00000044       0x45 ./ra/fsp/src/rm_zmod4xxx/rm_zmod4xxx_ra_driver.o
 .comment       0x00000044       0x45 ./ra/fsp/src/rm_hs400x/rm_hs400x.o
 .comment       0x00000044       0x45 ./ra/fsp/src/rm_hs400x/rm_hs400x_ra_driver.o
 .comment       0x00000044       0x45 ./ra/fsp/src/rm_comms_i2c/rm_comms_i2c.o
 .comment       0x00000044       0x45 ./ra/fsp/src/rm_comms_i2c/rm_comms_i2c_driver_ra.o
 .comment       0x00000044       0x45 ./ra/fsp/src/r_sci_i2c/r_sci_i2c.o
 .comment       0x00000044       0x45 ./ra/fsp/src/r_ioport/r_ioport.o
 .comment       0x00000044       0x45 ./ra/fsp/src/bsp/mcu/all/bsp_clocks.o
 .comment       0x00000044       0x45 ./ra/fsp/src/bsp/mcu/all/bsp_common.o
 .comment       0x00000044       0x45 ./ra/fsp/src/bsp/mcu/all/bsp_delay.o
 .comment       0x00000044       0x45 ./ra/fsp/src/bsp/mcu/all/bsp_group_irq.o